2025-10-18T09:11:44+07:00 TDC-250818413 sshd[749181]: pam_unix(sshd:auth): authentication failure; logname= uid=0 euid=0 tty=ssh ruser= rhost=192.145.169.91  user=root
2025-10-18T09:11:45+07:00 TDC-250818413 sshd[749183]: pam_unix(sshd:auth): check pass; user unknown
2025-10-18T09:11:45+07:00 TDC-250818413 sshd[749183]: pam_unix(sshd:auth): authentication failure; logname= uid=0 euid=0 tty=ssh ruser= rhost=49.248.175.215
2025-10-18T09:11:46+07:00 TDC-250818413 sshd[749181]: Failed password for root from 192.145.169.91 port 40364 ssh2
2025-10-18T09:11:47+07:00 TDC-250818413 sshd[749183]: Failed password for invalid user ubnt from 49.248.175.215 port 59158 ssh2
2025-10-18T09:11:49+07:00 TDC-250818413 sshd[749181]: Received disconnect from 192.145.169.91 port 40364:11: Bye Bye [preauth]
2025-10-18T09:11:49+07:00 TDC-250818413 sshd[749181]: Disconnected from authenticating user root 192.145.169.91 port 40364 [preauth]
2025-10-18T09:11:49+07:00 TDC-250818413 sshd[749183]: Received disconnect from 49.248.175.215 port 59158:11: Bye Bye [preauth]
2025-10-18T09:11:49+07:00 TDC-250818413 sshd[749183]: Disconnected from invalid user ubnt 49.248.175.215 port 59158 [preauth]
2025-10-18T09:11:55+07:00 TDC-250818413 sshd[749185]: Invalid user admin from 192.145.169.91 port 45800
2025-10-18T09:11:55+07:00 TDC-250818413 sshd[749185]: pam_unix(sshd:auth): check pass; user unknown
2025-10-18T09:11:55+07:00 TDC-250818413 sshd[749185]: pam_unix(sshd:auth): authentication failure; logname= uid=0 euid=0 tty=ssh ruser= rhost=192.145.169.91
2025-10-18T09:11:57+07:00 TDC-250818413 sshd[749185]: Failed password for invalid user admin from 192.145.169.91 port 45800 ssh2
2025-10-18T09:11:57+07:00 TDC-250818413 sshd[749185]: Received disconnect from 192.145.169.91 port 45800:11: Bye Bye [preauth]
2025-10-18T09:11:57+07:00 TDC-250818413 sshd[749185]: Disconnected from invalid user admin 192.145.169.91 port 45800 [preauth]
2025-10-18T09:12:07+07:00 TDC-250818413 sshd[749187]: Invalid user test from 49.248.175.215 port 47652
2025-10-18T09:12:07+07:00 TDC-250818413 sshd[749187]: pam_unix(sshd:auth): check pass; user unknown
2025-10-18T09:12:07+07:00 TDC-250818413 sshd[749187]: pam_unix(sshd:auth): authentication failure; logname= uid=0 euid=0 tty=ssh ruser= rhost=49.248.175.215
2025-10-18T09:12:08+07:00 TDC-250818413 sshd[749187]: Failed password for invalid user test from 49.248.175.215 port 47652 ssh2
2025-10-18T09:12:10+07:00 TDC-250818413 sshd[749187]: Received disconnect from 49.248.175.215 port 47652:11: Bye Bye [preauth]
2025-10-18T09:12:10+07:00 TDC-250818413 sshd[749187]: Disconnected from invalid user test 49.248.175.215 port 47652 [preauth]
2025-10-18T09:12:29+07:00 TDC-250818413 sshd[749189]: Invalid user admin from 45.159.112.142 port 40490
2025-10-18T09:12:30+07:00 TDC-250818413 sshd[749189]: pam_unix(sshd:auth): check pass; user unknown
2025-10-18T09:12:30+07:00 TDC-250818413 sshd[749189]: pam_unix(sshd:auth): authentication failure; logname= uid=0 euid=0 tty=ssh ruser= rhost=45.159.112.142
2025-10-18T09:12:31+07:00 TDC-250818413 sshd[749189]: Failed password for invalid user admin from 45.159.112.142 port 40490 ssh2
2025-10-18T09:12:32+07:00 TDC-250818413 sshd[749189]: Received disconnect from 45.159.112.142 port 40490:11: Bye Bye [preauth]
2025-10-18T09:12:32+07:00 TDC-250818413 sshd[749189]: Disconnected from invalid user admin 45.159.112.142 port 40490 [preauth]
2025-10-18T09:12:52+07:00 TDC-250818413 sshd[749191]: Connection closed by 185.169.6.22 port 58650 [preauth]
2025-10-18T09:13:01+07:00 TDC-250818413 sshd[749193]: Connection closed by 45.159.112.142 port 55912 [preauth]
2025-10-18T09:13:04+07:00 TDC-250818413 sshd[749195]: pam_unix(sshd:auth): authentication failure; logname= uid=0 euid=0 tty=ssh ruser= rhost=192.145.169.91  user=root
2025-10-18T09:13:06+07:00 TDC-250818413 sshd[749195]: Failed password for root from 192.145.169.91 port 55360 ssh2
2025-10-18T09:13:08+07:00 TDC-250818413 sshd[749195]: Received disconnect from 192.145.169.91 port 55360:11: Bye Bye [preauth]
2025-10-18T09:13:08+07:00 TDC-250818413 sshd[749195]: Disconnected from authenticating user root 192.145.169.91 port 55360 [preauth]
2025-10-18T09:13:10+07:00 TDC-250818413 sshd[749197]: Invalid user ubnt from 49.248.175.215 port 43644
2025-10-18T09:13:13+07:00 TDC-250818413 sshd[749197]: pam_unix(sshd:auth): check pass; user unknown
2025-10-18T09:13:13+07:00 TDC-250818413 sshd[749197]: pam_unix(sshd:auth): authentication failure; logname= uid=0 euid=0 tty=ssh ruser= rhost=49.248.175.215
2025-10-18T09:13:15+07:00 TDC-250818413 sshd[749199]: Invalid user admin from 192.145.169.91 port 59268
2025-10-18T09:13:15+07:00 TDC-250818413 sshd[749199]: pam_unix(sshd:auth): check pass; user unknown
2025-10-18T09:13:15+07:00 TDC-250818413 sshd[749199]: pam_unix(sshd:auth): authentication failure; logname= uid=0 euid=0 tty=ssh ruser= rhost=192.145.169.91
2025-10-18T09:13:15+07:00 TDC-250818413 sshd[749197]: Failed password for invalid user ubnt from 49.248.175.215 port 43644 ssh2
2025-10-18T09:13:15+07:00 TDC-250818413 sshd[749197]: Received disconnect from 49.248.175.215 port 43644:11: Bye Bye [preauth]
2025-10-18T09:13:15+07:00 TDC-250818413 sshd[749197]: Disconnected from invalid user ubnt 49.248.175.215 port 43644 [preauth]
2025-10-18T09:13:17+07:00 TDC-250818413 sshd[749199]: Failed password for invalid user admin from 192.145.169.91 port 59268 ssh2
2025-10-18T09:13:18+07:00 TDC-250818413 sshd[749201]: pam_unix(sshd:auth): authentication failure; logname= uid=0 euid=0 tty=ssh ruser= rhost=185.169.6.22  user=root
2025-10-18T09:13:19+07:00 TDC-250818413 sshd[749199]: Received disconnect from 192.145.169.91 port 59268:11: Bye Bye [preauth]
2025-10-18T09:13:19+07:00 TDC-250818413 sshd[749199]: Disconnected from invalid user admin 192.145.169.91 port 59268 [preauth]
2025-10-18T09:13:19+07:00 TDC-250818413 sshd[749203]: Invalid user test from 49.248.175.215 port 54080
2025-10-18T09:13:19+07:00 TDC-250818413 sshd[749203]: pam_unix(sshd:auth): check pass; user unknown
2025-10-18T09:13:19+07:00 TDC-250818413 sshd[749203]: pam_unix(sshd:auth): authentication failure; logname= uid=0 euid=0 tty=ssh ruser= rhost=49.248.175.215
2025-10-18T09:13:19+07:00 TDC-250818413 sshd[749201]: Failed password for root from 185.169.6.22 port 44442 ssh2
2025-10-18T09:13:20+07:00 TDC-250818413 sshd[749201]: Received disconnect from 185.169.6.22 port 44442:11: Bye Bye [preauth]
2025-10-18T09:13:20+07:00 TDC-250818413 sshd[749201]: Disconnected from authenticating user root 185.169.6.22 port 44442 [preauth]
2025-10-18T09:13:22+07:00 TDC-250818413 sshd[749203]: Failed password for invalid user test from 49.248.175.215 port 54080 ssh2
2025-10-18T09:13:23+07:00 TDC-250818413 sshd[749203]: Received disconnect from 49.248.175.215 port 54080:11: Bye Bye [preauth]
2025-10-18T09:13:23+07:00 TDC-250818413 sshd[749203]: Disconnected from invalid user test 49.248.175.215 port 54080 [preauth]
2025-10-18T09:14:08+07:00 TDC-250818413 sshd[749205]: Invalid user test from 49.248.175.215 port 36056
2025-10-18T09:14:08+07:00 TDC-250818413 sshd[749205]: pam_unix(sshd:auth): check pass; user unknown
2025-10-18T09:14:08+07:00 TDC-250818413 sshd[749205]: pam_unix(sshd:auth): authentication failure; logname= uid=0 euid=0 tty=ssh ruser= rhost=49.248.175.215
2025-10-18T09:14:11+07:00 TDC-250818413 sshd[749205]: Failed password for invalid user test from 49.248.175.215 port 36056 ssh2
2025-10-18T09:14:12+07:00 TDC-250818413 sshd[749207]: banner exchange: Connection from 195.178.110.15 port 58372: invalid format
2025-10-18T09:14:12+07:00 TDC-250818413 sshd[749205]: Received disconnect from 49.248.175.215 port 36056:11: Bye Bye [preauth]
2025-10-18T09:14:12+07:00 TDC-250818413 sshd[749205]: Disconnected from invalid user test 49.248.175.215 port 36056 [preauth]
2025-10-18T09:14:23+07:00 TDC-250818413 sshd[749209]: Invalid user admin from 185.169.6.22 port 38104
2025-10-18T09:14:24+07:00 TDC-250818413 sshd[749209]: pam_unix(sshd:auth): check pass; user unknown
2025-10-18T09:14:24+07:00 TDC-250818413 sshd[749209]: pam_unix(sshd:auth): authentication failure; logname= uid=0 euid=0 tty=ssh ruser= rhost=185.169.6.22
2025-10-18T09:14:25+07:00 TDC-250818413 sshd[749209]: Failed password for invalid user admin from 185.169.6.22 port 38104 ssh2
2025-10-18T09:14:26+07:00 TDC-250818413 sshd[749211]: pam_unix(sshd:auth): authentication failure; logname= uid=0 euid=0 tty=ssh ruser= rhost=192.145.169.91  user=root
2025-10-18T09:14:27+07:00 TDC-250818413 sshd[749211]: Failed password for root from 192.145.169.91 port 48500 ssh2
2025-10-18T09:14:28+07:00 TDC-250818413 sshd[749211]: Received disconnect from 192.145.169.91 port 48500:11: Bye Bye [preauth]
2025-10-18T09:14:28+07:00 TDC-250818413 sshd[749211]: Disconnected from authenticating user root 192.145.169.91 port 48500 [preauth]
2025-10-18T09:14:28+07:00 TDC-250818413 sshd[749209]: Received disconnect from 185.169.6.22 port 38104:11: Bye Bye [preauth]
2025-10-18T09:14:28+07:00 TDC-250818413 sshd[749209]: Disconnected from invalid user admin 185.169.6.22 port 38104 [preauth]
2025-10-18T09:14:37+07:00 TDC-250818413 sshd[749215]: Invalid user admin from 192.145.169.91 port 52508
2025-10-18T09:14:37+07:00 TDC-250818413 sshd[749215]: pam_unix(sshd:auth): check pass; user unknown
2025-10-18T09:14:37+07:00 TDC-250818413 sshd[749215]: pam_unix(sshd:auth): authentication failure; logname= uid=0 euid=0 tty=ssh ruser= rhost=192.145.169.91
2025-10-18T09:14:38+07:00 TDC-250818413 sshd[749215]: Failed password for invalid user admin from 192.145.169.91 port 52508 ssh2
2025-10-18T09:14:39+07:00 TDC-250818413 sshd[749215]: Received disconnect from 192.145.169.91 port 52508:11: Bye Bye [preauth]
2025-10-18T09:14:39+07:00 TDC-250818413 sshd[749215]: Disconnected from invalid user admin 192.145.169.91 port 52508 [preauth]
2025-10-18T09:15:25+07:00 TDC-250818413 sshd[749222]: Invalid user test from 49.248.175.215 port 47248
2025-10-18T09:15:25+07:00 TDC-250818413 sshd[749222]: pam_unix(sshd:auth): check pass; user unknown
2025-10-18T09:15:25+07:00 TDC-250818413 sshd[749222]: pam_unix(sshd:auth): authentication failure; logname= uid=0 euid=0 tty=ssh ruser= rhost=49.248.175.215
2025-10-18T09:15:27+07:00 TDC-250818413 sshd[749222]: Failed password for invalid user test from 49.248.175.215 port 47248 ssh2
2025-10-18T09:15:28+07:00 TDC-250818413 sshd[749222]: Received disconnect from 49.248.175.215 port 47248:11: Bye Bye [preauth]
2025-10-18T09:15:28+07:00 TDC-250818413 sshd[749222]: Disconnected from invalid user test 49.248.175.215 port 47248 [preauth]
2025-10-18T09:15:45+07:00 TDC-250818413 sshd[749224]: pam_unix(sshd:auth): authentication failure; logname= uid=0 euid=0 tty=ssh ruser= rhost=192.145.169.91  user=root
2025-10-18T09:15:47+07:00 TDC-250818413 sshd[749224]: Failed password for root from 192.145.169.91 port 43408 ssh2
2025-10-18T09:15:49+07:00 TDC-250818413 sshd[749226]: Invalid user ubnt from 49.248.175.215 port 33200
2025-10-18T09:15:49+07:00 TDC-250818413 sshd[749226]: pam_unix(sshd:auth): check pass; user unknown
2025-10-18T09:15:49+07:00 TDC-250818413 sshd[749226]: pam_unix(sshd:auth): authentication failure; logname= uid=0 euid=0 tty=ssh ruser= rhost=49.248.175.215
2025-10-18T09:15:49+07:00 TDC-250818413 sshd[749224]: Received disconnect from 192.145.169.91 port 43408:11: Bye Bye [preauth]
2025-10-18T09:15:49+07:00 TDC-250818413 sshd[749224]: Disconnected from authenticating user root 192.145.169.91 port 43408 [preauth]
2025-10-18T09:15:52+07:00 TDC-250818413 sshd[749226]: Failed password for invalid user ubnt from 49.248.175.215 port 33200 ssh2
2025-10-18T09:15:54+07:00 TDC-250818413 sshd[749226]: Received disconnect from 49.248.175.215 port 33200:11: Bye Bye [preauth]
2025-10-18T09:15:54+07:00 TDC-250818413 sshd[749226]: Disconnected from invalid user ubnt 49.248.175.215 port 33200 [preauth]
2025-10-18T09:15:55+07:00 TDC-250818413 sshd[749228]: Invalid user admin from 192.145.169.91 port 37910
2025-10-18T09:15:55+07:00 TDC-250818413 sshd[749228]: pam_unix(sshd:auth): check pass; user unknown
2025-10-18T09:15:55+07:00 TDC-250818413 sshd[749228]: pam_unix(sshd:auth): authentication failure; logname= uid=0 euid=0 tty=ssh ruser= rhost=192.145.169.91
2025-10-18T09:15:57+07:00 TDC-250818413 sshd[749230]: Invalid user admin from 185.169.6.22 port 48492
2025-10-18T09:15:57+07:00 TDC-250818413 sshd[749230]: pam_unix(sshd:auth): check pass; user unknown
2025-10-18T09:15:57+07:00 TDC-250818413 sshd[749230]: pam_unix(sshd:auth): authentication failure; logname= uid=0 euid=0 tty=ssh ruser= rhost=185.169.6.22
2025-10-18T09:15:57+07:00 TDC-250818413 sshd[749228]: Failed password for invalid user admin from 192.145.169.91 port 37910 ssh2
2025-10-18T09:15:59+07:00 TDC-250818413 sshd[749230]: Failed password for invalid user admin from 185.169.6.22 port 48492 ssh2
2025-10-18T09:15:59+07:00 TDC-250818413 sshd[749228]: Received disconnect from 192.145.169.91 port 37910:11: Bye Bye [preauth]
2025-10-18T09:15:59+07:00 TDC-250818413 sshd[749228]: Disconnected from invalid user admin 192.145.169.91 port 37910 [preauth]
2025-10-18T09:16:00+07:00 TDC-250818413 sshd[749232]: Invalid user admin from 171.254.92.61 port 50116
2025-10-18T09:16:00+07:00 TDC-250818413 sshd[749232]: pam_unix(sshd:auth): check pass; user unknown
2025-10-18T09:16:00+07:00 TDC-250818413 sshd[749232]: pam_unix(sshd:auth): authentication failure; logname= uid=0 euid=0 tty=ssh ruser= rhost=171.254.92.61
2025-10-18T09:16:01+07:00 TDC-250818413 sshd[749230]: Received disconnect from 185.169.6.22 port 48492:11: Bye Bye [preauth]
2025-10-18T09:16:01+07:00 TDC-250818413 sshd[749230]: Disconnected from invalid user admin 185.169.6.22 port 48492 [preauth]
2025-10-18T09:16:02+07:00 TDC-250818413 sshd[749232]: Failed password for invalid user admin from 171.254.92.61 port 50116 ssh2
2025-10-18T09:16:04+07:00 TDC-250818413 sshd[749232]: Connection closed by invalid user admin 171.254.92.61 port 50116 [preauth]
2025-10-18T09:16:11+07:00 TDC-250818413 sshd[749234]: Invalid user test from 49.248.175.215 port 36228
2025-10-18T09:16:11+07:00 TDC-250818413 sshd[749234]: pam_unix(sshd:auth): check pass; user unknown
2025-10-18T09:16:11+07:00 TDC-250818413 sshd[749234]: pam_unix(sshd:auth): authentication failure; logname= uid=0 euid=0 tty=ssh ruser= rhost=49.248.175.215
2025-10-18T09:16:13+07:00 TDC-250818413 sshd[749234]: Failed password for invalid user test from 49.248.175.215 port 36228 ssh2
2025-10-18T09:16:13+07:00 TDC-250818413 sshd[749234]: Received disconnect from 49.248.175.215 port 36228:11: Bye Bye [preauth]
2025-10-18T09:16:13+07:00 TDC-250818413 sshd[749234]: Disconnected from invalid user test 49.248.175.215 port 36228 [preauth]
2025-10-18T09:17:01+07:00 TDC-250818413 sshd[749238]: pam_unix(sshd:auth): authentication failure; logname= uid=0 euid=0 tty=ssh ruser= rhost=192.145.169.91  user=root
2025-10-18T09:17:03+07:00 TDC-250818413 sshd[749238]: Failed password for root from 192.145.169.91 port 49766 ssh2
2025-10-18T09:17:04+07:00 TDC-250818413 sshd[749243]: Connection closed by 185.169.6.22 port 59262 [preauth]
2025-10-18T09:17:05+07:00 TDC-250818413 sshd[749238]: Received disconnect from 192.145.169.91 port 49766:11: Bye Bye [preauth]
2025-10-18T09:17:05+07:00 TDC-250818413 sshd[749238]: Disconnected from authenticating user root 192.145.169.91 port 49766 [preauth]
2025-10-18T09:17:09+07:00 TDC-250818413 sshd[749236]: Connection closed by 45.159.112.142 port 42152 [preauth]
2025-10-18T09:17:11+07:00 TDC-250818413 sshd[749245]: Invalid user admin from 192.145.169.91 port 48320
2025-10-18T09:17:12+07:00 TDC-250818413 sshd[749245]: pam_unix(sshd:auth): check pass; user unknown
2025-10-18T09:17:12+07:00 TDC-250818413 sshd[749245]: pam_unix(sshd:auth): authentication failure; logname= uid=0 euid=0 tty=ssh ruser= rhost=192.145.169.91
2025-10-18T09:17:14+07:00 TDC-250818413 sshd[749245]: Failed password for invalid user admin from 192.145.169.91 port 48320 ssh2
2025-10-18T09:17:14+07:00 TDC-250818413 sshd[749245]: Received disconnect from 192.145.169.91 port 48320:11: Bye Bye [preauth]
2025-10-18T09:17:14+07:00 TDC-250818413 sshd[749245]: Disconnected from invalid user admin 192.145.169.91 port 48320 [preauth]
2025-10-18T09:17:14+07:00 TDC-250818413 sshd[749247]: Invalid user ubnt from 49.248.175.215 port 53622
2025-10-18T09:17:15+07:00 TDC-250818413 sshd[749247]: pam_unix(sshd:auth): check pass; user unknown
2025-10-18T09:17:15+07:00 TDC-250818413 sshd[749247]: pam_unix(sshd:auth): authentication failure; logname= uid=0 euid=0 tty=ssh ruser= rhost=49.248.175.215
2025-10-18T09:17:17+07:00 TDC-250818413 sshd[749247]: Failed password for invalid user ubnt from 49.248.175.215 port 53622 ssh2
2025-10-18T09:17:17+07:00 TDC-250818413 sshd[749247]: Received disconnect from 49.248.175.215 port 53622:11: Bye Bye [preauth]
2025-10-18T09:17:17+07:00 TDC-250818413 sshd[749247]: Disconnected from invalid user ubnt 49.248.175.215 port 53622 [preauth]
2025-10-18T09:17:22+07:00 TDC-250818413 sshd[749251]: Invalid user test from 49.248.175.215 port 37384
2025-10-18T09:17:23+07:00 TDC-250818413 sshd[749251]: pam_unix(sshd:auth): check pass; user unknown
2025-10-18T09:17:23+07:00 TDC-250818413 sshd[749251]: pam_unix(sshd:auth): authentication failure; logname= uid=0 euid=0 tty=ssh ruser= rhost=49.248.175.215
2025-10-18T09:17:23+07:00 TDC-250818413 sshd[749249]: Invalid user admin from 185.169.6.22 port 56786
2025-10-18T09:17:23+07:00 TDC-250818413 sshd[749249]: pam_unix(sshd:auth): check pass; user unknown
2025-10-18T09:17:23+07:00 TDC-250818413 sshd[749249]: pam_unix(sshd:auth): authentication failure; logname= uid=0 euid=0 tty=ssh ruser= rhost=185.169.6.22
2025-10-18T09:17:24+07:00 TDC-250818413 sshd[749251]: Failed password for invalid user test from 49.248.175.215 port 37384 ssh2
2025-10-18T09:17:24+07:00 TDC-250818413 sshd[749251]: Received disconnect from 49.248.175.215 port 37384:11: Bye Bye [preauth]
2025-10-18T09:17:24+07:00 TDC-250818413 sshd[749251]: Disconnected from invalid user test 49.248.175.215 port 37384 [preauth]
2025-10-18T09:17:25+07:00 TDC-250818413 sshd[749249]: Failed password for invalid user admin from 185.169.6.22 port 56786 ssh2
2025-10-18T09:17:25+07:00 TDC-250818413 sshd[749249]: Received disconnect from 185.169.6.22 port 56786:11: Bye Bye [preauth]
2025-10-18T09:17:25+07:00 TDC-250818413 sshd[749249]: Disconnected from invalid user admin 185.169.6.22 port 56786 [preauth]
2025-10-18T09:18:11+07:00 TDC-250818413 sshd[749253]: Invalid user test from 49.248.175.215 port 57026
2025-10-18T09:18:11+07:00 TDC-250818413 sshd[749253]: pam_unix(sshd:auth): check pass; user unknown
2025-10-18T09:18:11+07:00 TDC-250818413 sshd[749253]: pam_unix(sshd:auth): authentication failure; logname= uid=0 euid=0 tty=ssh ruser= rhost=49.248.175.215
2025-10-18T09:18:13+07:00 TDC-250818413 sshd[749253]: Failed password for invalid user test from 49.248.175.215 port 57026 ssh2
2025-10-18T09:18:15+07:00 TDC-250818413 sshd[749253]: Received disconnect from 49.248.175.215 port 57026:11: Bye Bye [preauth]
2025-10-18T09:18:15+07:00 TDC-250818413 sshd[749253]: Disconnected from invalid user test 49.248.175.215 port 57026 [preauth]
2025-10-18T09:18:19+07:00 TDC-250818413 sshd[749255]: pam_unix(sshd:auth): authentication failure; logname= uid=0 euid=0 tty=ssh ruser= rhost=192.145.169.91  user=root
2025-10-18T09:18:20+07:00 TDC-250818413 sshd[749257]: Invalid user ubnt from 49.248.175.215 port 57036
2025-10-18T09:18:20+07:00 TDC-250818413 sshd[749257]: pam_unix(sshd:auth): check pass; user unknown
2025-10-18T09:18:20+07:00 TDC-250818413 sshd[749257]: pam_unix(sshd:auth): authentication failure; logname= uid=0 euid=0 tty=ssh ruser= rhost=49.248.175.215
2025-10-18T09:18:21+07:00 TDC-250818413 sshd[749255]: Failed password for root from 192.145.169.91 port 35570 ssh2
2025-10-18T09:18:22+07:00 TDC-250818413 sshd[749255]: Received disconnect from 192.145.169.91 port 35570:11: Bye Bye [preauth]
2025-10-18T09:18:22+07:00 TDC-250818413 sshd[749255]: Disconnected from authenticating user root 192.145.169.91 port 35570 [preauth]
2025-10-18T09:18:22+07:00 TDC-250818413 sshd[749257]: Failed password for invalid user ubnt from 49.248.175.215 port 57036 ssh2
2025-10-18T09:18:22+07:00 TDC-250818413 sshd[749257]: Received disconnect from 49.248.175.215 port 57036:11: Bye Bye [preauth]
2025-10-18T09:18:22+07:00 TDC-250818413 sshd[749257]: Disconnected from invalid user ubnt 49.248.175.215 port 57036 [preauth]
2025-10-18T09:18:29+07:00 TDC-250818413 sshd[749260]: Connection closed by 197.243.67.27 port 53190 [preauth]
2025-10-18T09:18:30+07:00 TDC-250818413 sshd[749262]: Invalid user admin from 192.145.169.91 port 32872
2025-10-18T09:18:31+07:00 TDC-250818413 sshd[749262]: pam_unix(sshd:auth): check pass; user unknown
2025-10-18T09:18:31+07:00 TDC-250818413 sshd[749262]: pam_unix(sshd:auth): authentication failure; logname= uid=0 euid=0 tty=ssh ruser= rhost=192.145.169.91
2025-10-18T09:18:33+07:00 TDC-250818413 sshd[749262]: Failed password for invalid user admin from 192.145.169.91 port 32872 ssh2
2025-10-18T09:18:33+07:00 TDC-250818413 sshd[749262]: Received disconnect from 192.145.169.91 port 32872:11: Bye Bye [preauth]
2025-10-18T09:18:33+07:00 TDC-250818413 sshd[749262]: Disconnected from invalid user admin 192.145.169.91 port 32872 [preauth]
2025-10-18T09:18:33+07:00 TDC-250818413 sshd[749264]: Connection closed by 197.243.67.27 port 53420 [preauth]
2025-10-18T09:18:39+07:00 TDC-250818413 sshd[749266]: Connection closed by 197.243.67.27 port 54932 [preauth]
2025-10-18T09:18:40+07:00 TDC-250818413 sshd[749268]: Invalid user admin from 185.169.6.22 port 35654
2025-10-18T09:18:40+07:00 TDC-250818413 sshd[749268]: pam_unix(sshd:auth): check pass; user unknown
2025-10-18T09:18:40+07:00 TDC-250818413 sshd[749268]: pam_unix(sshd:auth): authentication failure; logname= uid=0 euid=0 tty=ssh ruser= rhost=185.169.6.22
2025-10-18T09:18:41+07:00 TDC-250818413 sshd[749270]: Connection closed by 197.243.67.27 port 55796 [preauth]
2025-10-18T09:18:42+07:00 TDC-250818413 sshd[749268]: Failed password for invalid user admin from 185.169.6.22 port 35654 ssh2
2025-10-18T09:18:45+07:00 TDC-250818413 sshd[749268]: Received disconnect from 185.169.6.22 port 35654:11: Bye Bye [preauth]
2025-10-18T09:18:45+07:00 TDC-250818413 sshd[749268]: Disconnected from invalid user admin 185.169.6.22 port 35654 [preauth]
2025-10-18T09:18:46+07:00 TDC-250818413 sshd[749272]: Connection closed by 197.243.67.27 port 56086 [preauth]
2025-10-18T09:18:51+07:00 TDC-250818413 sshd[749275]: pam_unix(sshd:auth): authentication failure; logname= uid=0 euid=0 tty=ssh ruser= rhost=185.169.6.22  user=root
2025-10-18T09:18:52+07:00 TDC-250818413 sshd[749274]: Connection closed by 197.243.67.27 port 57552 [preauth]
2025-10-18T09:18:53+07:00 TDC-250818413 sshd[749275]: Failed password for root from 185.169.6.22 port 34098 ssh2
2025-10-18T09:18:55+07:00 TDC-250818413 sshd[749275]: Received disconnect from 185.169.6.22 port 34098:11: Bye Bye [preauth]
2025-10-18T09:18:55+07:00 TDC-250818413 sshd[749275]: Disconnected from authenticating user root 185.169.6.22 port 34098 [preauth]
2025-10-18T09:18:56+07:00 TDC-250818413 sshd[749278]: Connection closed by 197.243.67.27 port 58424 [preauth]
2025-10-18T09:18:59+07:00 TDC-250818413 sshd[749281]: Invalid user test from 49.248.175.215 port 57108
2025-10-18T09:18:59+07:00 TDC-250818413 sshd[749281]: pam_unix(sshd:auth): check pass; user unknown
2025-10-18T09:18:59+07:00 TDC-250818413 sshd[749281]: pam_unix(sshd:auth): authentication failure; logname= uid=0 euid=0 tty=ssh ruser= rhost=49.248.175.215
2025-10-18T09:19:01+07:00 TDC-250818413 sshd[749280]: Connection closed by 197.243.67.27 port 59470 [preauth]
2025-10-18T09:19:01+07:00 TDC-250818413 sshd[749281]: Failed password for invalid user test from 49.248.175.215 port 57108 ssh2
2025-10-18T09:19:03+07:00 TDC-250818413 sshd[749281]: Received disconnect from 49.248.175.215 port 57108:11: Bye Bye [preauth]
2025-10-18T09:19:03+07:00 TDC-250818413 sshd[749281]: Disconnected from invalid user test 49.248.175.215 port 57108 [preauth]
2025-10-18T09:19:04+07:00 TDC-250818413 sshd[749284]: Connection closed by 197.243.67.27 port 60570 [preauth]
2025-10-18T09:19:05+07:00 TDC-250818413 sshd[749286]: pam_unix(sshd:auth): authentication failure; logname= uid=0 euid=0 tty=ssh ruser= rhost=87.106.90.97  user=root
2025-10-18T09:19:07+07:00 TDC-250818413 sshd[749286]: Failed password for root from 87.106.90.97 port 48829 ssh2
2025-10-18T09:19:07+07:00 TDC-250818413 sshd[749286]: Connection closed by authenticating user root 87.106.90.97 port 48829 [preauth]
2025-10-18T09:19:08+07:00 TDC-250818413 sshd[749288]: Connection closed by 197.243.67.27 port 60950 [preauth]
2025-10-18T09:19:17+07:00 TDC-250818413 sshd[749291]: Connection closed by 197.243.67.27 port 34692 [preauth]
2025-10-18T09:19:24+07:00 TDC-250818413 sshd[749293]: Invalid user ubnt from 49.248.175.215 port 57968
2025-10-18T09:19:24+07:00 TDC-250818413 sshd[749293]: pam_unix(sshd:auth): check pass; user unknown
2025-10-18T09:19:24+07:00 TDC-250818413 sshd[749293]: pam_unix(sshd:auth): authentication failure; logname= uid=0 euid=0 tty=ssh ruser= rhost=49.248.175.215
2025-10-18T09:19:25+07:00 TDC-250818413 sshd[749295]: Connection closed by 197.243.67.27 port 35984 [preauth]
2025-10-18T09:19:27+07:00 TDC-250818413 sshd[749293]: Failed password for invalid user ubnt from 49.248.175.215 port 57968 ssh2
2025-10-18T09:19:27+07:00 TDC-250818413 sshd[749293]: Received disconnect from 49.248.175.215 port 57968:11: Bye Bye [preauth]
2025-10-18T09:19:27+07:00 TDC-250818413 sshd[749293]: Disconnected from invalid user ubnt 49.248.175.215 port 57968 [preauth]
2025-10-18T09:19:34+07:00 TDC-250818413 sshd[749297]: Connection closed by 197.243.67.27 port 37332 [preauth]
2025-10-18T09:19:40+07:00 TDC-250818413 sshd[749299]: pam_unix(sshd:auth): authentication failure; logname= uid=0 euid=0 tty=ssh ruser= rhost=192.145.169.91  user=root
2025-10-18T09:19:41+07:00 TDC-250818413 sshd[749301]: Connection closed by 197.243.67.27 port 38898 [preauth]
2025-10-18T09:19:42+07:00 TDC-250818413 sshd[749299]: Failed password for root from 192.145.169.91 port 51678 ssh2
2025-10-18T09:19:44+07:00 TDC-250818413 sshd[749299]: Received disconnect from 192.145.169.91 port 51678:11: Bye Bye [preauth]
2025-10-18T09:19:44+07:00 TDC-250818413 sshd[749299]: Disconnected from authenticating user root 192.145.169.91 port 51678 [preauth]
2025-10-18T09:19:48+07:00 TDC-250818413 sshd[749303]: Connection closed by 197.243.67.27 port 40002 [preauth]
2025-10-18T09:19:49+07:00 TDC-250818413 sshd[749305]: Invalid user test from 49.248.175.215 port 57038
2025-10-18T09:19:49+07:00 TDC-250818413 sshd[749305]: pam_unix(sshd:auth): check pass; user unknown
2025-10-18T09:19:49+07:00 TDC-250818413 sshd[749305]: pam_unix(sshd:auth): authentication failure; logname= uid=0 euid=0 tty=ssh ruser= rhost=49.248.175.215
2025-10-18T09:19:51+07:00 TDC-250818413 sshd[749307]: Invalid user admin from 192.145.169.91 port 41386
2025-10-18T09:19:51+07:00 TDC-250818413 sshd[749305]: Failed password for invalid user test from 49.248.175.215 port 57038 ssh2
2025-10-18T09:19:51+07:00 TDC-250818413 sshd[749307]: pam_unix(sshd:auth): check pass; user unknown
2025-10-18T09:19:51+07:00 TDC-250818413 sshd[749307]: pam_unix(sshd:auth): authentication failure; logname= uid=0 euid=0 tty=ssh ruser= rhost=192.145.169.91
2025-10-18T09:19:53+07:00 TDC-250818413 sshd[749305]: Received disconnect from 49.248.175.215 port 57038:11: Bye Bye [preauth]
2025-10-18T09:19:53+07:00 TDC-250818413 sshd[749305]: Disconnected from invalid user test 49.248.175.215 port 57038 [preauth]
2025-10-18T09:19:53+07:00 TDC-250818413 sshd[749307]: Failed password for invalid user admin from 192.145.169.91 port 41386 ssh2
2025-10-18T09:19:56+07:00 TDC-250818413 sshd[749307]: Received disconnect from 192.145.169.91 port 41386:11: Bye Bye [preauth]
2025-10-18T09:19:56+07:00 TDC-250818413 sshd[749307]: Disconnected from invalid user admin 192.145.169.91 port 41386 [preauth]
2025-10-18T09:20:30+07:00 TDC-250818413 sshd[749313]: Invalid user ubnt from 49.248.175.215 port 39964
2025-10-18T09:20:30+07:00 TDC-250818413 sshd[749313]: pam_unix(sshd:auth): check pass; user unknown
2025-10-18T09:20:30+07:00 TDC-250818413 sshd[749313]: pam_unix(sshd:auth): authentication failure; logname= uid=0 euid=0 tty=ssh ruser= rhost=49.248.175.215
2025-10-18T09:20:32+07:00 TDC-250818413 sshd[749315]: Invalid user admin from 45.159.112.142 port 43410
2025-10-18T09:20:32+07:00 TDC-250818413 sshd[749315]: pam_unix(sshd:auth): check pass; user unknown
2025-10-18T09:20:32+07:00 TDC-250818413 sshd[749315]: pam_unix(sshd:auth): authentication failure; logname= uid=0 euid=0 tty=ssh ruser= rhost=45.159.112.142
2025-10-18T09:20:32+07:00 TDC-250818413 sshd[749313]: Failed password for invalid user ubnt from 49.248.175.215 port 39964 ssh2
2025-10-18T09:20:34+07:00 TDC-250818413 sshd[749313]: Received disconnect from 49.248.175.215 port 39964:11: Bye Bye [preauth]
2025-10-18T09:20:34+07:00 TDC-250818413 sshd[749313]: Disconnected from invalid user ubnt 49.248.175.215 port 39964 [preauth]
2025-10-18T09:20:35+07:00 TDC-250818413 sshd[749315]: Failed password for invalid user admin from 45.159.112.142 port 43410 ssh2
2025-10-18T09:20:36+07:00 TDC-250818413 sshd[749315]: Received disconnect from 45.159.112.142 port 43410:11: Bye Bye [preauth]
2025-10-18T09:20:36+07:00 TDC-250818413 sshd[749315]: Disconnected from invalid user admin 45.159.112.142 port 43410 [preauth]
2025-10-18T09:20:38+07:00 TDC-250818413 sshd[749319]: Invalid user test from 49.248.175.215 port 41030
2025-10-18T09:20:38+07:00 TDC-250818413 sshd[749319]: pam_unix(sshd:auth): check pass; user unknown
2025-10-18T09:20:38+07:00 TDC-250818413 sshd[749319]: pam_unix(sshd:auth): authentication failure; logname= uid=0 euid=0 tty=ssh ruser= rhost=49.248.175.215
2025-10-18T09:20:40+07:00 TDC-250818413 sshd[749317]: Invalid user admin from 185.169.6.22 port 57292
2025-10-18T09:20:40+07:00 TDC-250818413 sshd[749319]: Failed password for invalid user test from 49.248.175.215 port 41030 ssh2
2025-10-18T09:20:40+07:00 TDC-250818413 sshd[749317]: pam_unix(sshd:auth): check pass; user unknown
2025-10-18T09:20:40+07:00 TDC-250818413 sshd[749317]: pam_unix(sshd:auth): authentication failure; logname= uid=0 euid=0 tty=ssh ruser= rhost=185.169.6.22
2025-10-18T09:20:40+07:00 TDC-250818413 sshd[749319]: Received disconnect from 49.248.175.215 port 41030:11: Bye Bye [preauth]
2025-10-18T09:20:40+07:00 TDC-250818413 sshd[749319]: Disconnected from invalid user test 49.248.175.215 port 41030 [preauth]
2025-10-18T09:20:40+07:00 TDC-250818413 sshd[749321]: pam_unix(sshd:auth): authentication failure; logname= uid=0 euid=0 tty=ssh ruser= rhost=185.169.6.22  user=root
2025-10-18T09:20:42+07:00 TDC-250818413 sshd[749317]: Failed password for invalid user admin from 185.169.6.22 port 57292 ssh2
2025-10-18T09:20:42+07:00 TDC-250818413 sshd[749321]: Failed password for root from 185.169.6.22 port 34914 ssh2
2025-10-18T09:20:44+07:00 TDC-250818413 sshd[749321]: Received disconnect from 185.169.6.22 port 34914:11: Bye Bye [preauth]
2025-10-18T09:20:44+07:00 TDC-250818413 sshd[749321]: Disconnected from authenticating user root 185.169.6.22 port 34914 [preauth]
2025-10-18T09:20:44+07:00 TDC-250818413 sshd[749317]: Received disconnect from 185.169.6.22 port 57292:11: Bye Bye [preauth]
2025-10-18T09:20:44+07:00 TDC-250818413 sshd[749317]: Disconnected from invalid user admin 185.169.6.22 port 57292 [preauth]
2025-10-18T09:20:56+07:00 TDC-250818413 sshd[749323]: Invalid user user from 45.159.112.142 port 42290
2025-10-18T09:20:56+07:00 TDC-250818413 sshd[749323]: pam_unix(sshd:auth): check pass; user unknown
2025-10-18T09:20:56+07:00 TDC-250818413 sshd[749323]: pam_unix(sshd:auth): authentication failure; logname= uid=0 euid=0 tty=ssh ruser= rhost=45.159.112.142
2025-10-18T09:20:59+07:00 TDC-250818413 sshd[749323]: Failed password for invalid user user from 45.159.112.142 port 42290 ssh2
2025-10-18T09:21:01+07:00 TDC-250818413 sshd[749323]: Received disconnect from 45.159.112.142 port 42290:11: Bye Bye [preauth]
2025-10-18T09:21:01+07:00 TDC-250818413 sshd[749323]: Disconnected from invalid user user 45.159.112.142 port 42290 [preauth]
2025-10-18T09:21:02+07:00 TDC-250818413 sshd[749325]: pam_unix(sshd:auth): authentication failure; logname= uid=0 euid=0 tty=ssh ruser= rhost=192.145.169.91  user=root
2025-10-18T09:21:03+07:00 TDC-250818413 sshd[749325]: Failed password for root from 192.145.169.91 port 41644 ssh2
2025-10-18T09:21:04+07:00 TDC-250818413 sshd[749325]: Received disconnect from 192.145.169.91 port 41644:11: Bye Bye [preauth]
2025-10-18T09:21:04+07:00 TDC-250818413 sshd[749325]: Disconnected from authenticating user root 192.145.169.91 port 41644 [preauth]
2025-10-18T09:21:13+07:00 TDC-250818413 sshd[749327]: Invalid user admin from 192.145.169.91 port 59154
2025-10-18T09:21:13+07:00 TDC-250818413 sshd[749327]: pam_unix(sshd:auth): check pass; user unknown
2025-10-18T09:21:13+07:00 TDC-250818413 sshd[749327]: pam_unix(sshd:auth): authentication failure; logname= uid=0 euid=0 tty=ssh ruser= rhost=192.145.169.91
2025-10-18T09:21:14+07:00 TDC-250818413 sshd[749327]: Failed password for invalid user admin from 192.145.169.91 port 59154 ssh2
2025-10-18T09:21:15+07:00 TDC-250818413 sshd[749327]: Received disconnect from 192.145.169.91 port 59154:11: Bye Bye [preauth]
2025-10-18T09:21:15+07:00 TDC-250818413 sshd[749327]: Disconnected from invalid user admin 192.145.169.91 port 59154 [preauth]
2025-10-18T09:21:26+07:00 TDC-250818413 sshd[749329]: Invalid user test from 49.248.175.215 port 35610
2025-10-18T09:21:26+07:00 TDC-250818413 sshd[749329]: pam_unix(sshd:auth): check pass; user unknown
2025-10-18T09:21:26+07:00 TDC-250818413 sshd[749329]: pam_unix(sshd:auth): authentication failure; logname= uid=0 euid=0 tty=ssh ruser= rhost=49.248.175.215
2025-10-18T09:21:28+07:00 TDC-250818413 sshd[749329]: Failed password for invalid user test from 49.248.175.215 port 35610 ssh2
2025-10-18T09:21:29+07:00 TDC-250818413 sshd[749329]: Received disconnect from 49.248.175.215 port 35610:11: Bye Bye [preauth]
2025-10-18T09:21:29+07:00 TDC-250818413 sshd[749329]: Disconnected from invalid user test 49.248.175.215 port 35610 [preauth]
2025-10-18T09:21:34+07:00 TDC-250818413 sshd[749332]: Invalid user ubnt from 49.248.175.215 port 54904
2025-10-18T09:21:34+07:00 TDC-250818413 sshd[749332]: pam_unix(sshd:auth): check pass; user unknown
2025-10-18T09:21:34+07:00 TDC-250818413 sshd[749332]: pam_unix(sshd:auth): authentication failure; logname= uid=0 euid=0 tty=ssh ruser= rhost=49.248.175.215
2025-10-18T09:21:36+07:00 TDC-250818413 sshd[749332]: Failed password for invalid user ubnt from 49.248.175.215 port 54904 ssh2
2025-10-18T09:21:38+07:00 TDC-250818413 sshd[749332]: Received disconnect from 49.248.175.215 port 54904:11: Bye Bye [preauth]
2025-10-18T09:21:38+07:00 TDC-250818413 sshd[749332]: Disconnected from invalid user ubnt 49.248.175.215 port 54904 [preauth]
2025-10-18T09:22:13+07:00 TDC-250818413 sshd[749334]: Invalid user test from 49.248.175.215 port 39298
2025-10-18T09:22:13+07:00 TDC-250818413 sshd[749334]: pam_unix(sshd:auth): check pass; user unknown
2025-10-18T09:22:13+07:00 TDC-250818413 sshd[749334]: pam_unix(sshd:auth): authentication failure; logname= uid=0 euid=0 tty=ssh ruser= rhost=49.248.175.215
2025-10-18T09:22:14+07:00 TDC-250818413 sshd[749334]: Failed password for invalid user test from 49.248.175.215 port 39298 ssh2
2025-10-18T09:22:14+07:00 TDC-250818413 sshd[749334]: Received disconnect from 49.248.175.215 port 39298:11: Bye Bye [preauth]
2025-10-18T09:22:14+07:00 TDC-250818413 sshd[749334]: Disconnected from invalid user test 49.248.175.215 port 39298 [preauth]
2025-10-18T09:22:18+07:00 TDC-250818413 sshd[749336]: Invalid user admin from 185.169.6.22 port 42442
2025-10-18T09:22:18+07:00 TDC-250818413 sshd[749336]: pam_unix(sshd:auth): check pass; user unknown
2025-10-18T09:22:18+07:00 TDC-250818413 sshd[749336]: pam_unix(sshd:auth): authentication failure; logname= uid=0 euid=0 tty=ssh ruser= rhost=185.169.6.22
2025-10-18T09:22:20+07:00 TDC-250818413 sshd[749336]: Failed password for invalid user admin from 185.169.6.22 port 42442 ssh2
2025-10-18T09:22:20+07:00 TDC-250818413 sshd[749338]: pam_unix(sshd:auth): authentication failure; logname= uid=0 euid=0 tty=ssh ruser= rhost=192.145.169.91  user=root
2025-10-18T09:22:22+07:00 TDC-250818413 sshd[749338]: Failed password for root from 192.145.169.91 port 37072 ssh2
2025-10-18T09:22:24+07:00 TDC-250818413 sshd[749340]: pam_unix(sshd:auth): authentication failure; logname= uid=0 euid=0 tty=ssh ruser= rhost=185.169.6.22  user=root
2025-10-18T09:22:24+07:00 TDC-250818413 sshd[749338]: Received disconnect from 192.145.169.91 port 37072:11: Bye Bye [preauth]
2025-10-18T09:22:24+07:00 TDC-250818413 sshd[749338]: Disconnected from authenticating user root 192.145.169.91 port 37072 [preauth]
2025-10-18T09:22:26+07:00 TDC-250818413 sshd[749340]: Failed password for root from 185.169.6.22 port 42448 ssh2
2025-10-18T09:22:26+07:00 TDC-250818413 sshd[749340]: Received disconnect from 185.169.6.22 port 42448:11: Bye Bye [preauth]
2025-10-18T09:22:26+07:00 TDC-250818413 sshd[749340]: Disconnected from authenticating user root 185.169.6.22 port 42448 [preauth]
2025-10-18T09:22:31+07:00 TDC-250818413 sshd[749342]: Invalid user admin from 192.145.169.91 port 34272
2025-10-18T09:22:31+07:00 TDC-250818413 sshd[749342]: pam_unix(sshd:auth): check pass; user unknown
2025-10-18T09:22:31+07:00 TDC-250818413 sshd[749342]: pam_unix(sshd:auth): authentication failure; logname= uid=0 euid=0 tty=ssh ruser= rhost=192.145.169.91
2025-10-18T09:22:32+07:00 TDC-250818413 sshd[749342]: Failed password for invalid user admin from 192.145.169.91 port 34272 ssh2
2025-10-18T09:22:33+07:00 TDC-250818413 sshd[749342]: Received disconnect from 192.145.169.91 port 34272:11: Bye Bye [preauth]
2025-10-18T09:22:33+07:00 TDC-250818413 sshd[749342]: Disconnected from invalid user admin 192.145.169.91 port 34272 [preauth]
2025-10-18T09:22:36+07:00 TDC-250818413 sshd[749344]: Invalid user ubnt from 49.248.175.215 port 33064
2025-10-18T09:22:36+07:00 TDC-250818413 sshd[749344]: pam_unix(sshd:auth): check pass; user unknown
2025-10-18T09:22:36+07:00 TDC-250818413 sshd[749344]: pam_unix(sshd:auth): authentication failure; logname= uid=0 euid=0 tty=ssh ruser= rhost=49.248.175.215
2025-10-18T09:22:37+07:00 TDC-250818413 sshd[749344]: Failed password for invalid user ubnt from 49.248.175.215 port 33064 ssh2
2025-10-18T09:22:38+07:00 TDC-250818413 sshd[749344]: Received disconnect from 49.248.175.215 port 33064:11: Bye Bye [preauth]
2025-10-18T09:22:38+07:00 TDC-250818413 sshd[749344]: Disconnected from invalid user ubnt 49.248.175.215 port 33064 [preauth]
2025-10-18T09:22:38+07:00 TDC-250818413 sshd[749336]: Received disconnect from 185.169.6.22 port 42442:11: Bye Bye [preauth]
2025-10-18T09:22:38+07:00 TDC-250818413 sshd[749336]: Disconnected from invalid user admin 185.169.6.22 port 42442 [preauth]
2025-10-18T09:22:58+07:00 TDC-250818413 sshd[749346]: Invalid user test from 49.248.175.215 port 45064
2025-10-18T09:22:58+07:00 TDC-250818413 sshd[749346]: pam_unix(sshd:auth): check pass; user unknown
2025-10-18T09:22:58+07:00 TDC-250818413 sshd[749346]: pam_unix(sshd:auth): authentication failure; logname= uid=0 euid=0 tty=ssh ruser= rhost=49.248.175.215
2025-10-18T09:23:00+07:00 TDC-250818413 sshd[749346]: Failed password for invalid user test from 49.248.175.215 port 45064 ssh2
2025-10-18T09:23:01+07:00 TDC-250818413 sshd[749346]: Received disconnect from 49.248.175.215 port 45064:11: Bye Bye [preauth]
2025-10-18T09:23:01+07:00 TDC-250818413 sshd[749346]: Disconnected from invalid user test 49.248.175.215 port 45064 [preauth]
2025-10-18T09:23:34+07:00 TDC-250818413 sshd[749348]: Invalid user admin from 171.254.92.61 port 46328
2025-10-18T09:23:34+07:00 TDC-250818413 sshd[749348]: pam_unix(sshd:auth): check pass; user unknown
2025-10-18T09:23:34+07:00 TDC-250818413 sshd[749348]: pam_unix(sshd:auth): authentication failure; logname= uid=0 euid=0 tty=ssh ruser= rhost=171.254.92.61
2025-10-18T09:23:35+07:00 TDC-250818413 sshd[749350]: Invalid user ubnt from 49.248.175.215 port 37868
2025-10-18T09:23:35+07:00 TDC-250818413 sshd[749350]: pam_unix(sshd:auth): check pass; user unknown
2025-10-18T09:23:35+07:00 TDC-250818413 sshd[749350]: pam_unix(sshd:auth): authentication failure; logname= uid=0 euid=0 tty=ssh ruser= rhost=49.248.175.215
2025-10-18T09:23:36+07:00 TDC-250818413 sshd[749352]: pam_unix(sshd:auth): authentication failure; logname= uid=0 euid=0 tty=ssh ruser= rhost=192.145.169.91  user=root
2025-10-18T09:23:36+07:00 TDC-250818413 sshd[749348]: Failed password for invalid user admin from 171.254.92.61 port 46328 ssh2
2025-10-18T09:23:37+07:00 TDC-250818413 sshd[749350]: Failed password for invalid user ubnt from 49.248.175.215 port 37868 ssh2
2025-10-18T09:23:37+07:00 TDC-250818413 sshd[749350]: Received disconnect from 49.248.175.215 port 37868:11: Bye Bye [preauth]
2025-10-18T09:23:37+07:00 TDC-250818413 sshd[749350]: Disconnected from invalid user ubnt 49.248.175.215 port 37868 [preauth]
2025-10-18T09:23:38+07:00 TDC-250818413 sshd[749348]: Connection closed by invalid user admin 171.254.92.61 port 46328 [preauth]
2025-10-18T09:23:38+07:00 TDC-250818413 sshd[749352]: Failed password for root from 192.145.169.91 port 46768 ssh2
2025-10-18T09:23:40+07:00 TDC-250818413 sshd[749352]: Received disconnect from 192.145.169.91 port 46768:11: Bye Bye [preauth]
2025-10-18T09:23:40+07:00 TDC-250818413 sshd[749352]: Disconnected from authenticating user root 192.145.169.91 port 46768 [preauth]
2025-10-18T09:23:43+07:00 TDC-250818413 sshd[749354]: Invalid user test from 49.248.175.215 port 33716
2025-10-18T09:23:43+07:00 TDC-250818413 sshd[749354]: pam_unix(sshd:auth): check pass; user unknown
2025-10-18T09:23:43+07:00 TDC-250818413 sshd[749354]: pam_unix(sshd:auth): authentication failure; logname= uid=0 euid=0 tty=ssh ruser= rhost=49.248.175.215
2025-10-18T09:23:45+07:00 TDC-250818413 sshd[749354]: Failed password for invalid user test from 49.248.175.215 port 33716 ssh2
2025-10-18T09:23:46+07:00 TDC-250818413 sshd[749356]: Invalid user admin from 192.145.169.91 port 33836
2025-10-18T09:23:46+07:00 TDC-250818413 sshd[749354]: Received disconnect from 49.248.175.215 port 33716:11: Bye Bye [preauth]
2025-10-18T09:23:46+07:00 TDC-250818413 sshd[749354]: Disconnected from invalid user test 49.248.175.215 port 33716 [preauth]
2025-10-18T09:23:47+07:00 TDC-250818413 sshd[749356]: pam_unix(sshd:auth): check pass; user unknown
2025-10-18T09:23:47+07:00 TDC-250818413 sshd[749356]: pam_unix(sshd:auth): authentication failure; logname= uid=0 euid=0 tty=ssh ruser= rhost=192.145.169.91
2025-10-18T09:23:47+07:00 TDC-250818413 sshd[749358]: Invalid user admin from 185.169.6.22 port 48316
2025-10-18T09:23:48+07:00 TDC-250818413 sshd[749358]: pam_unix(sshd:auth): check pass; user unknown
2025-10-18T09:23:48+07:00 TDC-250818413 sshd[749358]: pam_unix(sshd:auth): authentication failure; logname= uid=0 euid=0 tty=ssh ruser= rhost=185.169.6.22
2025-10-18T09:23:49+07:00 TDC-250818413 sshd[749356]: Failed password for invalid user admin from 192.145.169.91 port 33836 ssh2
2025-10-18T09:23:50+07:00 TDC-250818413 sshd[749358]: Failed password for invalid user admin from 185.169.6.22 port 48316 ssh2
2025-10-18T09:23:51+07:00 TDC-250818413 sshd[749356]: Received disconnect from 192.145.169.91 port 33836:11: Bye Bye [preauth]
2025-10-18T09:23:51+07:00 TDC-250818413 sshd[749356]: Disconnected from invalid user admin 192.145.169.91 port 33836 [preauth]
2025-10-18T09:23:52+07:00 TDC-250818413 sshd[749358]: Received disconnect from 185.169.6.22 port 48316:11: Bye Bye [preauth]
2025-10-18T09:23:52+07:00 TDC-250818413 sshd[749358]: Disconnected from invalid user admin 185.169.6.22 port 48316 [preauth]
2025-10-18T09:24:15+07:00 TDC-250818413 sshd[749360]: pam_unix(sshd:auth): authentication failure; logname= uid=0 euid=0 tty=ssh ruser= rhost=185.169.6.22  user=root
2025-10-18T09:24:16+07:00 TDC-250818413 sshd[749360]: Failed password for root from 185.169.6.22 port 56754 ssh2
2025-10-18T09:24:17+07:00 TDC-250818413 sshd[749360]: Received disconnect from 185.169.6.22 port 56754:11: Bye Bye [preauth]
2025-10-18T09:24:17+07:00 TDC-250818413 sshd[749360]: Disconnected from authenticating user root 185.169.6.22 port 56754 [preauth]
2025-10-18T09:24:36+07:00 TDC-250818413 sshd[749362]: Invalid user test from 49.248.175.215 port 53838
2025-10-18T09:24:36+07:00 TDC-250818413 sshd[749362]: pam_unix(sshd:auth): check pass; user unknown
2025-10-18T09:24:36+07:00 TDC-250818413 sshd[749362]: pam_unix(sshd:auth): authentication failure; logname= uid=0 euid=0 tty=ssh ruser= rhost=49.248.175.215
2025-10-18T09:24:38+07:00 TDC-250818413 sshd[749362]: Failed password for invalid user test from 49.248.175.215 port 53838 ssh2
2025-10-18T09:24:38+07:00 TDC-250818413 sshd[749362]: Received disconnect from 49.248.175.215 port 53838:11: Bye Bye [preauth]
2025-10-18T09:24:38+07:00 TDC-250818413 sshd[749362]: Disconnected from invalid user test 49.248.175.215 port 53838 [preauth]
2025-10-18T09:24:48+07:00 TDC-250818413 sshd[749364]: Invalid user ubnt from 49.248.175.215 port 38112
2025-10-18T09:24:50+07:00 TDC-250818413 sshd[749366]: Invalid user user from 45.159.112.142 port 37742
2025-10-18T09:24:50+07:00 TDC-250818413 sshd[749366]: pam_unix(sshd:auth): check pass; user unknown
2025-10-18T09:24:50+07:00 TDC-250818413 sshd[749366]: pam_unix(sshd:auth): authentication failure; logname= uid=0 euid=0 tty=ssh ruser= rhost=45.159.112.142
2025-10-18T09:24:52+07:00 TDC-250818413 sshd[749364]: pam_unix(sshd:auth): check pass; user unknown
2025-10-18T09:24:52+07:00 TDC-250818413 sshd[749364]: pam_unix(sshd:auth): authentication failure; logname= uid=0 euid=0 tty=ssh ruser= rhost=49.248.175.215
2025-10-18T09:24:53+07:00 TDC-250818413 sshd[749366]: Failed password for invalid user user from 45.159.112.142 port 37742 ssh2
2025-10-18T09:24:54+07:00 TDC-250818413 sshd[749364]: Failed password for invalid user ubnt from 49.248.175.215 port 38112 ssh2
2025-10-18T09:24:54+07:00 TDC-250818413 sshd[749368]: pam_unix(sshd:auth): authentication failure; logname= uid=0 euid=0 tty=ssh ruser= rhost=192.145.169.91  user=root
2025-10-18T09:24:55+07:00 TDC-250818413 sshd[749366]: Received disconnect from 45.159.112.142 port 37742:11: Bye Bye [preauth]
2025-10-18T09:24:55+07:00 TDC-250818413 sshd[749366]: Disconnected from invalid user user 45.159.112.142 port 37742 [preauth]
2025-10-18T09:24:56+07:00 TDC-250818413 sshd[749368]: Failed password for root from 192.145.169.91 port 46128 ssh2
2025-10-18T09:24:57+07:00 TDC-250818413 sshd[749364]: Received disconnect from 49.248.175.215 port 38112:11: Bye Bye [preauth]
2025-10-18T09:24:57+07:00 TDC-250818413 sshd[749364]: Disconnected from invalid user ubnt 49.248.175.215 port 38112 [preauth]
2025-10-18T09:24:58+07:00 TDC-250818413 sshd[749368]: Received disconnect from 192.145.169.91 port 46128:11: Bye Bye [preauth]
2025-10-18T09:24:58+07:00 TDC-250818413 sshd[749368]: Disconnected from authenticating user root 192.145.169.91 port 46128 [preauth]
2025-10-18T09:25:05+07:00 TDC-250818413 sshd[749373]: Invalid user admin from 192.145.169.91 port 50058
2025-10-18T09:25:05+07:00 TDC-250818413 sshd[749373]: pam_unix(sshd:auth): check pass; user unknown
2025-10-18T09:25:05+07:00 TDC-250818413 sshd[749373]: pam_unix(sshd:auth): authentication failure; logname= uid=0 euid=0 tty=ssh ruser= rhost=192.145.169.91
2025-10-18T09:25:07+07:00 TDC-250818413 sshd[749373]: Failed password for invalid user admin from 192.145.169.91 port 50058 ssh2
2025-10-18T09:25:07+07:00 TDC-250818413 sshd[749373]: Received disconnect from 192.145.169.91 port 50058:11: Bye Bye [preauth]
2025-10-18T09:25:07+07:00 TDC-250818413 sshd[749373]: Disconnected from invalid user admin 192.145.169.91 port 50058 [preauth]
2025-10-18T09:25:22+07:00 TDC-250818413 sshd[749375]: Invalid user admin from 185.169.6.22 port 46136
2025-10-18T09:25:22+07:00 TDC-250818413 sshd[749375]: pam_unix(sshd:auth): check pass; user unknown
2025-10-18T09:25:22+07:00 TDC-250818413 sshd[749375]: pam_unix(sshd:auth): authentication failure; logname= uid=0 euid=0 tty=ssh ruser= rhost=185.169.6.22
2025-10-18T09:25:25+07:00 TDC-250818413 sshd[749375]: Failed password for invalid user admin from 185.169.6.22 port 46136 ssh2
2025-10-18T09:25:27+07:00 TDC-250818413 sshd[749375]: Received disconnect from 185.169.6.22 port 46136:11: Bye Bye [preauth]
2025-10-18T09:25:27+07:00 TDC-250818413 sshd[749375]: Disconnected from invalid user admin 185.169.6.22 port 46136 [preauth]
2025-10-18T09:25:27+07:00 TDC-250818413 sshd[749377]: Invalid user testuser from 185.102.75.74 port 62081
2025-10-18T09:25:28+07:00 TDC-250818413 sshd[749377]: pam_unix(sshd:auth): check pass; user unknown
2025-10-18T09:25:28+07:00 TDC-250818413 sshd[749377]: pam_unix(sshd:auth): authentication failure; logname= uid=0 euid=0 tty=ssh ruser= rhost=185.102.75.74
2025-10-18T09:25:30+07:00 TDC-250818413 sshd[749377]: Failed password for invalid user testuser from 185.102.75.74 port 62081 ssh2
2025-10-18T09:25:31+07:00 TDC-250818413 sshd[749377]: Connection closed by invalid user testuser 185.102.75.74 port 62081 [preauth]
2025-10-18T09:25:42+07:00 TDC-250818413 sshd[749380]: Invalid user test from 49.248.175.215 port 35290
2025-10-18T09:25:43+07:00 TDC-250818413 sshd[749380]: pam_unix(sshd:auth): check pass; user unknown
2025-10-18T09:25:43+07:00 TDC-250818413 sshd[749380]: pam_unix(sshd:auth): authentication failure; logname= uid=0 euid=0 tty=ssh ruser= rhost=49.248.175.215
2025-10-18T09:25:45+07:00 TDC-250818413 sshd[749380]: Failed password for invalid user test from 49.248.175.215 port 35290 ssh2
2025-10-18T09:25:46+07:00 TDC-250818413 sshd[749380]: Received disconnect from 49.248.175.215 port 35290:11: Bye Bye [preauth]
