2025-10-18T10:01:11+07:00 TDC-250818413 sshd[749930]: Disconnected from authenticating user root 192.145.169.91 port 40216 [preauth]
2025-10-18T10:01:11+07:00 TDC-250818413 sshd[749928]: Received disconnect from 192.145.169.91 port 40208:11: Bye Bye [preauth]
2025-10-18T10:01:11+07:00 TDC-250818413 sshd[749928]: Disconnected from invalid user admin 192.145.169.91 port 40208 [preauth]
2025-10-18T10:01:13+07:00 TDC-250818413 sshd[749926]: Connection closed by 185.169.6.22 port 36620 [preauth]
2025-10-18T10:01:19+07:00 TDC-250818413 sshd[749932]: Invalid user sun from 81.211.72.167 port 47793
2025-10-18T10:01:19+07:00 TDC-250818413 sshd[749932]: pam_unix(sshd:auth): check pass; user unknown
2025-10-18T10:01:19+07:00 TDC-250818413 sshd[749932]: pam_unix(sshd:auth): authentication failure; logname= uid=0 euid=0 tty=ssh ruser= rhost=81.211.72.167
2025-10-18T10:01:21+07:00 TDC-250818413 sshd[749932]: Failed password for invalid user sun from 81.211.72.167 port 47793 ssh2
2025-10-18T10:01:23+07:00 TDC-250818413 sshd[749932]: Received disconnect from 81.211.72.167 port 47793:11: Bye Bye [preauth]
2025-10-18T10:01:23+07:00 TDC-250818413 sshd[749932]: Disconnected from invalid user sun 81.211.72.167 port 47793 [preauth]
2025-10-18T10:01:27+07:00 TDC-250818413 sshd[749935]: Invalid user admin from 171.254.92.61 port 58286
2025-10-18T10:01:27+07:00 TDC-250818413 sshd[749935]: pam_unix(sshd:auth): check pass; user unknown
2025-10-18T10:01:27+07:00 TDC-250818413 sshd[749935]: pam_unix(sshd:auth): authentication failure; logname= uid=0 euid=0 tty=ssh ruser= rhost=171.254.92.61
2025-10-18T10:01:29+07:00 TDC-250818413 sshd[749935]: Failed password for invalid user admin from 171.254.92.61 port 58286 ssh2
2025-10-18T10:01:29+07:00 TDC-250818413 sshd[749935]: Connection closed by invalid user admin 171.254.92.61 port 58286 [preauth]
2025-10-18T10:01:33+07:00 TDC-250818413 sshd[749937]: Invalid user pippo from 85.239.151.162 port 49206
2025-10-18T10:01:33+07:00 TDC-250818413 sshd[749937]: pam_unix(sshd:auth): check pass; user unknown
2025-10-18T10:01:33+07:00 TDC-250818413 sshd[749937]: pam_unix(sshd:auth): authentication failure; logname= uid=0 euid=0 tty=ssh ruser= rhost=85.239.151.162
2025-10-18T10:01:35+07:00 TDC-250818413 sshd[749937]: Failed password for invalid user pippo from 85.239.151.162 port 49206 ssh2
2025-10-18T10:01:37+07:00 TDC-250818413 sshd[749937]: Received disconnect from 85.239.151.162 port 49206:11: Bye Bye [preauth]
2025-10-18T10:01:37+07:00 TDC-250818413 sshd[749937]: Disconnected from invalid user pippo 85.239.151.162 port 49206 [preauth]
2025-10-18T10:01:38+07:00 TDC-250818413 sshd[749939]: Invalid user ftpuser from 115.190.75.248 port 58824
2025-10-18T10:01:38+07:00 TDC-250818413 sshd[749939]: pam_unix(sshd:auth): check pass; user unknown
2025-10-18T10:01:38+07:00 TDC-250818413 sshd[749939]: pam_unix(sshd:auth): authentication failure; logname= uid=0 euid=0 tty=ssh ruser= rhost=115.190.75.248
2025-10-18T10:01:40+07:00 TDC-250818413 sshd[749939]: Failed password for invalid user ftpuser from 115.190.75.248 port 58824 ssh2
2025-10-18T10:01:41+07:00 TDC-250818413 sshd[749939]: Received disconnect from 115.190.75.248 port 58824:11: Bye Bye [preauth]
2025-10-18T10:01:41+07:00 TDC-250818413 sshd[749939]: Disconnected from invalid user ftpuser 115.190.75.248 port 58824 [preauth]
2025-10-18T10:01:44+07:00 TDC-250818413 sshd[749941]: Invalid user admin from 185.169.6.22 port 41748
2025-10-18T10:01:45+07:00 TDC-250818413 sshd[749941]: pam_unix(sshd:auth): check pass; user unknown
2025-10-18T10:01:45+07:00 TDC-250818413 sshd[749941]: pam_unix(sshd:auth): authentication failure; logname= uid=0 euid=0 tty=ssh ruser= rhost=185.169.6.22
2025-10-18T10:01:46+07:00 TDC-250818413 sshd[749941]: Failed password for invalid user admin from 185.169.6.22 port 41748 ssh2
2025-10-18T10:01:47+07:00 TDC-250818413 sshd[749941]: Received disconnect from 185.169.6.22 port 41748:11: Bye Bye [preauth]
2025-10-18T10:01:47+07:00 TDC-250818413 sshd[749941]: Disconnected from invalid user admin 185.169.6.22 port 41748 [preauth]
2025-10-18T10:01:50+07:00 TDC-250818413 sshd[749943]: Invalid user bd from 43.160.200.211 port 54626
2025-10-18T10:01:50+07:00 TDC-250818413 sshd[749943]: pam_unix(sshd:auth): check pass; user unknown
2025-10-18T10:01:50+07:00 TDC-250818413 sshd[749943]: pam_unix(sshd:auth): authentication failure; logname= uid=0 euid=0 tty=ssh ruser= rhost=43.160.200.211
2025-10-18T10:01:52+07:00 TDC-250818413 sshd[749943]: Failed password for invalid user bd from 43.160.200.211 port 54626 ssh2
2025-10-18T10:01:54+07:00 TDC-250818413 sshd[749943]: Received disconnect from 43.160.200.211 port 54626:11: Bye Bye [preauth]
2025-10-18T10:01:54+07:00 TDC-250818413 sshd[749943]: Disconnected from invalid user bd 43.160.200.211 port 54626 [preauth]
2025-10-18T10:02:09+07:00 TDC-250818413 sshd[749945]: pam_unix(sshd:auth): authentication failure; logname= uid=0 euid=0 tty=ssh ruser= rhost=20.185.243.158  user=root
2025-10-18T10:02:11+07:00 TDC-250818413 sshd[749945]: Failed password for root from 20.185.243.158 port 36726 ssh2
2025-10-18T10:02:12+07:00 TDC-250818413 sshd[749947]: Invalid user newuser from 210.245.54.206 port 18330
2025-10-18T10:02:12+07:00 TDC-250818413 sshd[749947]: pam_unix(sshd:auth): check pass; user unknown
2025-10-18T10:02:12+07:00 TDC-250818413 sshd[749947]: pam_unix(sshd:auth): authentication failure; logname= uid=0 euid=0 tty=ssh ruser= rhost=210.245.54.206
2025-10-18T10:02:13+07:00 TDC-250818413 sshd[749945]: Received disconnect from 20.185.243.158 port 36726:11: Bye Bye [preauth]
2025-10-18T10:02:13+07:00 TDC-250818413 sshd[749945]: Disconnected from authenticating user root 20.185.243.158 port 36726 [preauth]
2025-10-18T10:02:13+07:00 TDC-250818413 sshd[749949]: Invalid user ubnt from 49.248.175.215 port 34258
2025-10-18T10:02:14+07:00 TDC-250818413 sshd[749949]: pam_unix(sshd:auth): check pass; user unknown
2025-10-18T10:02:14+07:00 TDC-250818413 sshd[749949]: pam_unix(sshd:auth): authentication failure; logname= uid=0 euid=0 tty=ssh ruser= rhost=49.248.175.215
2025-10-18T10:02:14+07:00 TDC-250818413 sshd[749947]: Failed password for invalid user newuser from 210.245.54.206 port 18330 ssh2
2025-10-18T10:02:16+07:00 TDC-250818413 sshd[749947]: Received disconnect from 210.245.54.206 port 18330:11: Bye Bye [preauth]
2025-10-18T10:02:16+07:00 TDC-250818413 sshd[749947]: Disconnected from invalid user newuser 210.245.54.206 port 18330 [preauth]
2025-10-18T10:02:16+07:00 TDC-250818413 sshd[749949]: Failed password for invalid user ubnt from 49.248.175.215 port 34258 ssh2
2025-10-18T10:02:18+07:00 TDC-250818413 sshd[749949]: Received disconnect from 49.248.175.215 port 34258:11: Bye Bye [preauth]
2025-10-18T10:02:18+07:00 TDC-250818413 sshd[749949]: Disconnected from invalid user ubnt 49.248.175.215 port 34258 [preauth]
2025-10-18T10:02:24+07:00 TDC-250818413 sshd[749951]: Invalid user openbravo from 152.42.203.0 port 53674
2025-10-18T10:02:24+07:00 TDC-250818413 sshd[749951]: pam_unix(sshd:auth): check pass; user unknown
2025-10-18T10:02:24+07:00 TDC-250818413 sshd[749951]: pam_unix(sshd:auth): authentication failure; logname= uid=0 euid=0 tty=ssh ruser= rhost=152.42.203.0
2025-10-18T10:02:26+07:00 TDC-250818413 sshd[749955]: Invalid user admin from 192.145.169.91 port 33554
2025-10-18T10:02:26+07:00 TDC-250818413 sshd[749953]: pam_unix(sshd:auth): authentication failure; logname= uid=0 euid=0 tty=ssh ruser= rhost=192.145.169.91  user=root
2025-10-18T10:02:26+07:00 TDC-250818413 sshd[749955]: pam_unix(sshd:auth): check pass; user unknown
2025-10-18T10:02:26+07:00 TDC-250818413 sshd[749955]: pam_unix(sshd:auth): authentication failure; logname= uid=0 euid=0 tty=ssh ruser= rhost=192.145.169.91
2025-10-18T10:02:26+07:00 TDC-250818413 sshd[749951]: Failed password for invalid user openbravo from 152.42.203.0 port 53674 ssh2
2025-10-18T10:02:27+07:00 TDC-250818413 sshd[749951]: Received disconnect from 152.42.203.0 port 53674:11: Bye Bye [preauth]
2025-10-18T10:02:27+07:00 TDC-250818413 sshd[749951]: Disconnected from invalid user openbravo 152.42.203.0 port 53674 [preauth]
2025-10-18T10:02:28+07:00 TDC-250818413 sshd[749953]: Failed password for root from 192.145.169.91 port 33534 ssh2
2025-10-18T10:02:28+07:00 TDC-250818413 sshd[749955]: Failed password for invalid user admin from 192.145.169.91 port 33554 ssh2
2025-10-18T10:02:30+07:00 TDC-250818413 sshd[749953]: Received disconnect from 192.145.169.91 port 33534:11: Bye Bye [preauth]
2025-10-18T10:02:30+07:00 TDC-250818413 sshd[749953]: Disconnected from authenticating user root 192.145.169.91 port 33534 [preauth]
2025-10-18T10:02:30+07:00 TDC-250818413 sshd[749955]: Received disconnect from 192.145.169.91 port 33554:11: Bye Bye [preauth]
2025-10-18T10:02:30+07:00 TDC-250818413 sshd[749955]: Disconnected from invalid user admin 192.145.169.91 port 33554 [preauth]
2025-10-18T10:02:33+07:00 TDC-250818413 sshd[749957]: pam_unix(sshd:auth): authentication failure; logname= uid=0 euid=0 tty=ssh ruser= rhost=103.82.21.8  user=root
2025-10-18T10:02:35+07:00 TDC-250818413 sshd[749957]: Failed password for root from 103.82.21.8 port 38798 ssh2
2025-10-18T10:02:36+07:00 TDC-250818413 sshd[749959]: Invalid user ftpuser from 81.211.72.167 port 35337
2025-10-18T10:02:36+07:00 TDC-250818413 sshd[749959]: pam_unix(sshd:auth): check pass; user unknown
2025-10-18T10:02:36+07:00 TDC-250818413 sshd[749959]: pam_unix(sshd:auth): authentication failure; logname= uid=0 euid=0 tty=ssh ruser= rhost=81.211.72.167
2025-10-18T10:02:37+07:00 TDC-250818413 sshd[749957]: Received disconnect from 103.82.21.8 port 38798:11: Bye Bye [preauth]
2025-10-18T10:02:37+07:00 TDC-250818413 sshd[749957]: Disconnected from authenticating user root 103.82.21.8 port 38798 [preauth]
2025-10-18T10:02:37+07:00 TDC-250818413 sshd[749959]: Failed password for invalid user ftpuser from 81.211.72.167 port 35337 ssh2
2025-10-18T10:02:38+07:00 TDC-250818413 sshd[749959]: Received disconnect from 81.211.72.167 port 35337:11: Bye Bye [preauth]
2025-10-18T10:02:38+07:00 TDC-250818413 sshd[749959]: Disconnected from invalid user ftpuser 81.211.72.167 port 35337 [preauth]
2025-10-18T10:02:51+07:00 TDC-250818413 sshd[749961]: pam_unix(sshd:auth): authentication failure; logname= uid=0 euid=0 tty=ssh ruser= rhost=185.169.6.22  user=root
2025-10-18T10:02:53+07:00 TDC-250818413 sshd[749961]: Failed password for root from 185.169.6.22 port 34164 ssh2
2025-10-18T10:02:55+07:00 TDC-250818413 sshd[749961]: Received disconnect from 185.169.6.22 port 34164:11: Bye Bye [preauth]
2025-10-18T10:02:55+07:00 TDC-250818413 sshd[749961]: Disconnected from authenticating user root 185.169.6.22 port 34164 [preauth]
2025-10-18T10:02:57+07:00 TDC-250818413 sshd[749963]: Invalid user log from 85.239.151.162 port 39742
2025-10-18T10:02:57+07:00 TDC-250818413 sshd[749963]: pam_unix(sshd:auth): check pass; user unknown
2025-10-18T10:02:57+07:00 TDC-250818413 sshd[749963]: pam_unix(sshd:auth): authentication failure; logname= uid=0 euid=0 tty=ssh ruser= rhost=85.239.151.162
2025-10-18T10:03:00+07:00 TDC-250818413 sshd[749963]: Failed password for invalid user log from 85.239.151.162 port 39742 ssh2
2025-10-18T10:03:01+07:00 TDC-250818413 sshd[749963]: Received disconnect from 85.239.151.162 port 39742:11: Bye Bye [preauth]
2025-10-18T10:03:01+07:00 TDC-250818413 sshd[749963]: Disconnected from invalid user log 85.239.151.162 port 39742 [preauth]
2025-10-18T10:03:02+07:00 TDC-250818413 sshd[749965]: Invalid user admin from 185.169.6.22 port 47928
2025-10-18T10:03:02+07:00 TDC-250818413 sshd[749965]: pam_unix(sshd:auth): check pass; user unknown
2025-10-18T10:03:02+07:00 TDC-250818413 sshd[749965]: pam_unix(sshd:auth): authentication failure; logname= uid=0 euid=0 tty=ssh ruser= rhost=185.169.6.22
2025-10-18T10:03:04+07:00 TDC-250818413 sshd[749965]: Failed password for invalid user admin from 185.169.6.22 port 47928 ssh2
2025-10-18T10:03:04+07:00 TDC-250818413 sshd[749965]: Received disconnect from 185.169.6.22 port 47928:11: Bye Bye [preauth]
2025-10-18T10:03:04+07:00 TDC-250818413 sshd[749965]: Disconnected from invalid user admin 185.169.6.22 port 47928 [preauth]
2025-10-18T10:03:18+07:00 TDC-250818413 sshd[749968]: Invalid user l4d2 from 43.160.200.211 port 35222
2025-10-18T10:03:18+07:00 TDC-250818413 sshd[749968]: pam_unix(sshd:auth): check pass; user unknown
2025-10-18T10:03:18+07:00 TDC-250818413 sshd[749968]: pam_unix(sshd:auth): authentication failure; logname= uid=0 euid=0 tty=ssh ruser= rhost=43.160.200.211
2025-10-18T10:03:19+07:00 TDC-250818413 sshd[749970]: Invalid user ubnt from 49.248.175.215 port 50736
2025-10-18T10:03:19+07:00 TDC-250818413 sshd[749970]: pam_unix(sshd:auth): check pass; user unknown
2025-10-18T10:03:19+07:00 TDC-250818413 sshd[749970]: pam_unix(sshd:auth): authentication failure; logname= uid=0 euid=0 tty=ssh ruser= rhost=49.248.175.215
2025-10-18T10:03:20+07:00 TDC-250818413 sshd[749968]: Failed password for invalid user l4d2 from 43.160.200.211 port 35222 ssh2
2025-10-18T10:03:20+07:00 TDC-250818413 sshd[749968]: Received disconnect from 43.160.200.211 port 35222:11: Bye Bye [preauth]
2025-10-18T10:03:20+07:00 TDC-250818413 sshd[749968]: Disconnected from invalid user l4d2 43.160.200.211 port 35222 [preauth]
2025-10-18T10:03:21+07:00 TDC-250818413 sshd[749970]: Failed password for invalid user ubnt from 49.248.175.215 port 50736 ssh2
2025-10-18T10:03:22+07:00 TDC-250818413 sshd[749970]: Received disconnect from 49.248.175.215 port 50736:11: Bye Bye [preauth]
2025-10-18T10:03:22+07:00 TDC-250818413 sshd[749970]: Disconnected from invalid user ubnt 49.248.175.215 port 50736 [preauth]
2025-10-18T10:03:34+07:00 TDC-250818413 sshd[749972]: Invalid user kafka from 185.102.75.74 port 48284
2025-10-18T10:03:34+07:00 TDC-250818413 sshd[749972]: pam_unix(sshd:auth): check pass; user unknown
2025-10-18T10:03:34+07:00 TDC-250818413 sshd[749972]: pam_unix(sshd:auth): authentication failure; logname= uid=0 euid=0 tty=ssh ruser= rhost=185.102.75.74
2025-10-18T10:03:37+07:00 TDC-250818413 sshd[749972]: Failed password for invalid user kafka from 185.102.75.74 port 48284 ssh2
2025-10-18T10:03:37+07:00 TDC-250818413 sshd[749972]: Connection closed by invalid user kafka 185.102.75.74 port 48284 [preauth]
2025-10-18T10:03:46+07:00 TDC-250818413 sshd[749974]: Invalid user ftp from 210.245.54.206 port 33020
2025-10-18T10:03:46+07:00 TDC-250818413 sshd[749974]: pam_unix(sshd:auth): check pass; user unknown
2025-10-18T10:03:46+07:00 TDC-250818413 sshd[749974]: pam_unix(sshd:auth): authentication failure; logname= uid=0 euid=0 tty=ssh ruser= rhost=210.245.54.206
2025-10-18T10:03:49+07:00 TDC-250818413 sshd[749974]: Failed password for invalid user ftp from 210.245.54.206 port 33020 ssh2
2025-10-18T10:03:51+07:00 TDC-250818413 sshd[749974]: Received disconnect from 210.245.54.206 port 33020:11: Bye Bye [preauth]
2025-10-18T10:03:51+07:00 TDC-250818413 sshd[749974]: Disconnected from invalid user ftp 210.245.54.206 port 33020 [preauth]
2025-10-18T10:03:52+07:00 TDC-250818413 sshd[749976]: Invalid user quantum from 20.185.243.158 port 55746
2025-10-18T10:03:52+07:00 TDC-250818413 sshd[749978]: Invalid user jaewon from 81.211.72.167 port 51114
2025-10-18T10:03:52+07:00 TDC-250818413 sshd[749976]: pam_unix(sshd:auth): check pass; user unknown
2025-10-18T10:03:52+07:00 TDC-250818413 sshd[749978]: pam_unix(sshd:auth): check pass; user unknown
2025-10-18T10:03:52+07:00 TDC-250818413 sshd[749978]: pam_unix(sshd:auth): authentication failure; logname= uid=0 euid=0 tty=ssh ruser= rhost=81.211.72.167
2025-10-18T10:03:52+07:00 TDC-250818413 sshd[749976]: pam_unix(sshd:auth): authentication failure; logname= uid=0 euid=0 tty=ssh ruser= rhost=20.185.243.158
2025-10-18T10:03:54+07:00 TDC-250818413 sshd[749976]: Failed password for invalid user quantum from 20.185.243.158 port 55746 ssh2
2025-10-18T10:03:54+07:00 TDC-250818413 sshd[749978]: Failed password for invalid user jaewon from 81.211.72.167 port 51114 ssh2
2025-10-18T10:03:56+07:00 TDC-250818413 sshd[749982]: Invalid user admin from 192.145.169.91 port 33720
2025-10-18T10:03:56+07:00 TDC-250818413 sshd[749980]: pam_unix(sshd:auth): authentication failure; logname= uid=0 euid=0 tty=ssh ruser= rhost=192.145.169.91  user=root
2025-10-18T10:03:56+07:00 TDC-250818413 sshd[749982]: pam_unix(sshd:auth): check pass; user unknown
2025-10-18T10:03:56+07:00 TDC-250818413 sshd[749982]: pam_unix(sshd:auth): authentication failure; logname= uid=0 euid=0 tty=ssh ruser= rhost=192.145.169.91
2025-10-18T10:03:57+07:00 TDC-250818413 sshd[749978]: Received disconnect from 81.211.72.167 port 51114:11: Bye Bye [preauth]
2025-10-18T10:03:57+07:00 TDC-250818413 sshd[749978]: Disconnected from invalid user jaewon 81.211.72.167 port 51114 [preauth]
2025-10-18T10:03:57+07:00 TDC-250818413 sshd[749976]: Received disconnect from 20.185.243.158 port 55746:11: Bye Bye [preauth]
2025-10-18T10:03:57+07:00 TDC-250818413 sshd[749976]: Disconnected from invalid user quantum 20.185.243.158 port 55746 [preauth]
2025-10-18T10:03:58+07:00 TDC-250818413 sshd[749980]: Failed password for root from 192.145.169.91 port 33718 ssh2
2025-10-18T10:03:58+07:00 TDC-250818413 sshd[749982]: Failed password for invalid user admin from 192.145.169.91 port 33720 ssh2
2025-10-18T10:03:58+07:00 TDC-250818413 sshd[749982]: Received disconnect from 192.145.169.91 port 33720:11: Bye Bye [preauth]
2025-10-18T10:03:58+07:00 TDC-250818413 sshd[749982]: Disconnected from invalid user admin 192.145.169.91 port 33720 [preauth]
2025-10-18T10:03:59+07:00 TDC-250818413 sshd[749984]: Invalid user brs from 152.42.203.0 port 39706
2025-10-18T10:03:59+07:00 TDC-250818413 sshd[749984]: pam_unix(sshd:auth): check pass; user unknown
2025-10-18T10:03:59+07:00 TDC-250818413 sshd[749984]: pam_unix(sshd:auth): authentication failure; logname= uid=0 euid=0 tty=ssh ruser= rhost=152.42.203.0
2025-10-18T10:04:00+07:00 TDC-250818413 sshd[749980]: Received disconnect from 192.145.169.91 port 33718:11: Bye Bye [preauth]
2025-10-18T10:04:00+07:00 TDC-250818413 sshd[749980]: Disconnected from authenticating user root 192.145.169.91 port 33718 [preauth]
2025-10-18T10:04:01+07:00 TDC-250818413 sshd[749984]: Failed password for invalid user brs from 152.42.203.0 port 39706 ssh2
2025-10-18T10:04:01+07:00 TDC-250818413 sshd[749984]: Received disconnect from 152.42.203.0 port 39706:11: Bye Bye [preauth]
2025-10-18T10:04:01+07:00 TDC-250818413 sshd[749984]: Disconnected from invalid user brs 152.42.203.0 port 39706 [preauth]
2025-10-18T10:04:09+07:00 TDC-250818413 sshd[749986]: Invalid user sammy from 103.82.21.8 port 37986
2025-10-18T10:04:09+07:00 TDC-250818413 sshd[749986]: pam_unix(sshd:auth): check pass; user unknown
2025-10-18T10:04:09+07:00 TDC-250818413 sshd[749986]: pam_unix(sshd:auth): authentication failure; logname= uid=0 euid=0 tty=ssh ruser= rhost=103.82.21.8
2025-10-18T10:04:11+07:00 TDC-250818413 sshd[749986]: Failed password for invalid user sammy from 103.82.21.8 port 37986 ssh2
2025-10-18T10:04:12+07:00 TDC-250818413 sshd[749986]: Received disconnect from 103.82.21.8 port 37986:11: Bye Bye [preauth]
2025-10-18T10:04:12+07:00 TDC-250818413 sshd[749986]: Disconnected from invalid user sammy 103.82.21.8 port 37986 [preauth]
2025-10-18T10:04:16+07:00 TDC-250818413 sshd[749988]: Invalid user admin from 45.159.112.142 port 60016
2025-10-18T10:04:16+07:00 TDC-250818413 sshd[749988]: pam_unix(sshd:auth): check pass; user unknown
2025-10-18T10:04:16+07:00 TDC-250818413 sshd[749988]: pam_unix(sshd:auth): authentication failure; logname= uid=0 euid=0 tty=ssh ruser= rhost=45.159.112.142
2025-10-18T10:04:19+07:00 TDC-250818413 sshd[749988]: Failed password for invalid user admin from 45.159.112.142 port 60016 ssh2
2025-10-18T10:04:21+07:00 TDC-250818413 sshd[749988]: Received disconnect from 45.159.112.142 port 60016:11: Bye Bye [preauth]
2025-10-18T10:04:21+07:00 TDC-250818413 sshd[749988]: Disconnected from invalid user admin 45.159.112.142 port 60016 [preauth]
2025-10-18T10:04:21+07:00 TDC-250818413 sshd[749990]: Invalid user user from 45.159.112.142 port 43058
2025-10-18T10:04:21+07:00 TDC-250818413 sshd[749990]: pam_unix(sshd:auth): check pass; user unknown
2025-10-18T10:04:21+07:00 TDC-250818413 sshd[749990]: pam_unix(sshd:auth): authentication failure; logname= uid=0 euid=0 tty=ssh ruser= rhost=45.159.112.142
2025-10-18T10:04:23+07:00 TDC-250818413 sshd[749992]: Invalid user admin from 185.169.6.22 port 35928
2025-10-18T10:04:24+07:00 TDC-250818413 sshd[749992]: pam_unix(sshd:auth): check pass; user unknown
2025-10-18T10:04:24+07:00 TDC-250818413 sshd[749992]: pam_unix(sshd:auth): authentication failure; logname= uid=0 euid=0 tty=ssh ruser= rhost=185.169.6.22
2025-10-18T10:04:24+07:00 TDC-250818413 sshd[749990]: Failed password for invalid user user from 45.159.112.142 port 43058 ssh2
2025-10-18T10:04:25+07:00 TDC-250818413 sshd[749994]: Invalid user lara from 85.239.151.162 port 51708
2025-10-18T10:04:25+07:00 TDC-250818413 sshd[749994]: pam_unix(sshd:auth): check pass; user unknown
2025-10-18T10:04:25+07:00 TDC-250818413 sshd[749994]: pam_unix(sshd:auth): authentication failure; logname= uid=0 euid=0 tty=ssh ruser= rhost=85.239.151.162
2025-10-18T10:04:25+07:00 TDC-250818413 sshd[749992]: Failed password for invalid user admin from 185.169.6.22 port 35928 ssh2
2025-10-18T10:04:26+07:00 TDC-250818413 sshd[749992]: Received disconnect from 185.169.6.22 port 35928:11: Bye Bye [preauth]
2025-10-18T10:04:26+07:00 TDC-250818413 sshd[749992]: Disconnected from invalid user admin 185.169.6.22 port 35928 [preauth]
2025-10-18T10:04:26+07:00 TDC-250818413 sshd[749990]: Received disconnect from 45.159.112.142 port 43058:11: Bye Bye [preauth]
2025-10-18T10:04:26+07:00 TDC-250818413 sshd[749990]: Disconnected from invalid user user 45.159.112.142 port 43058 [preauth]
2025-10-18T10:04:26+07:00 TDC-250818413 sshd[749996]: Invalid user ubnt from 49.248.175.215 port 47814
2025-10-18T10:04:26+07:00 TDC-250818413 sshd[749996]: pam_unix(sshd:auth): check pass; user unknown
2025-10-18T10:04:26+07:00 TDC-250818413 sshd[749996]: pam_unix(sshd:auth): authentication failure; logname= uid=0 euid=0 tty=ssh ruser= rhost=49.248.175.215
2025-10-18T10:04:27+07:00 TDC-250818413 sshd[749994]: Failed password for invalid user lara from 85.239.151.162 port 51708 ssh2
2025-10-18T10:04:27+07:00 TDC-250818413 sshd[749994]: Received disconnect from 85.239.151.162 port 51708:11: Bye Bye [preauth]
2025-10-18T10:04:27+07:00 TDC-250818413 sshd[749994]: Disconnected from invalid user lara 85.239.151.162 port 51708 [preauth]
2025-10-18T10:04:29+07:00 TDC-250818413 sshd[749996]: Failed password for invalid user ubnt from 49.248.175.215 port 47814 ssh2
2025-10-18T10:04:31+07:00 TDC-250818413 sshd[749996]: Received disconnect from 49.248.175.215 port 47814:11: Bye Bye [preauth]
2025-10-18T10:04:31+07:00 TDC-250818413 sshd[749996]: Disconnected from invalid user ubnt 49.248.175.215 port 47814 [preauth]
2025-10-18T10:04:48+07:00 TDC-250818413 sshd[749998]: pam_unix(sshd:auth): authentication failure; logname= uid=0 euid=0 tty=ssh ruser= rhost=185.169.6.22  user=root
2025-10-18T10:04:49+07:00 TDC-250818413 sshd[749998]: Failed password for root from 185.169.6.22 port 55666 ssh2
2025-10-18T10:04:50+07:00 TDC-250818413 sshd[750000]: Invalid user deploy from 43.160.200.211 port 50984
2025-10-18T10:04:50+07:00 TDC-250818413 sshd[750000]: pam_unix(sshd:auth): check pass; user unknown
2025-10-18T10:04:50+07:00 TDC-250818413 sshd[750000]: pam_unix(sshd:auth): authentication failure; logname= uid=0 euid=0 tty=ssh ruser= rhost=43.160.200.211
2025-10-18T10:04:50+07:00 TDC-250818413 sshd[749998]: Received disconnect from 185.169.6.22 port 55666:11: Bye Bye [preauth]
2025-10-18T10:04:50+07:00 TDC-250818413 sshd[749998]: Disconnected from authenticating user root 185.169.6.22 port 55666 [preauth]
2025-10-18T10:04:52+07:00 TDC-250818413 sshd[750000]: Failed password for invalid user deploy from 43.160.200.211 port 50984 ssh2
2025-10-18T10:04:52+07:00 TDC-250818413 sshd[750000]: Received disconnect from 43.160.200.211 port 50984:11: Bye Bye [preauth]
2025-10-18T10:04:52+07:00 TDC-250818413 sshd[750000]: Disconnected from invalid user deploy 43.160.200.211 port 50984 [preauth]
2025-10-18T10:05:07+07:00 TDC-250818413 sshd[749967]: fatal: Timeout before authentication for 115.190.75.248 port 35224
2025-10-18T10:05:09+07:00 TDC-250818413 sshd[750005]: Invalid user stephen from 81.211.72.167 port 38659
2025-10-18T10:05:09+07:00 TDC-250818413 sshd[750005]: pam_unix(sshd:auth): check pass; user unknown
2025-10-18T10:05:09+07:00 TDC-250818413 sshd[750005]: pam_unix(sshd:auth): authentication failure; logname= uid=0 euid=0 tty=ssh ruser= rhost=81.211.72.167
2025-10-18T10:05:12+07:00 TDC-250818413 sshd[750005]: Failed password for invalid user stephen from 81.211.72.167 port 38659 ssh2
2025-10-18T10:05:14+07:00 TDC-250818413 sshd[750005]: Received disconnect from 81.211.72.167 port 38659:11: Bye Bye [preauth]
2025-10-18T10:05:14+07:00 TDC-250818413 sshd[750005]: Disconnected from invalid user stephen 81.211.72.167 port 38659 [preauth]
2025-10-18T10:05:16+07:00 TDC-250818413 sshd[750009]: Invalid user admin from 192.145.169.91 port 52358
2025-10-18T10:05:16+07:00 TDC-250818413 sshd[750007]: pam_unix(sshd:auth): authentication failure; logname= uid=0 euid=0 tty=ssh ruser= rhost=192.145.169.91  user=root
2025-10-18T10:05:16+07:00 TDC-250818413 sshd[750009]: pam_unix(sshd:auth): check pass; user unknown
2025-10-18T10:05:16+07:00 TDC-250818413 sshd[750009]: pam_unix(sshd:auth): authentication failure; logname= uid=0 euid=0 tty=ssh ruser= rhost=192.145.169.91
2025-10-18T10:05:18+07:00 TDC-250818413 sshd[750007]: Failed password for root from 192.145.169.91 port 52344 ssh2
2025-10-18T10:05:18+07:00 TDC-250818413 sshd[750009]: Failed password for invalid user admin from 192.145.169.91 port 52358 ssh2
2025-10-18T10:05:20+07:00 TDC-250818413 sshd[750007]: Received disconnect from 192.145.169.91 port 52344:11: Bye Bye [preauth]
2025-10-18T10:05:20+07:00 TDC-250818413 sshd[750007]: Disconnected from authenticating user root 192.145.169.91 port 52344 [preauth]
2025-10-18T10:05:20+07:00 TDC-250818413 sshd[750009]: Received disconnect from 192.145.169.91 port 52358:11: Bye Bye [preauth]
2025-10-18T10:05:20+07:00 TDC-250818413 sshd[750009]: Disconnected from invalid user admin 192.145.169.91 port 52358 [preauth]
2025-10-18T10:05:31+07:00 TDC-250818413 sshd[750011]: pam_unix(sshd:auth): authentication failure; logname= uid=0 euid=0 tty=ssh ruser= rhost=152.42.203.0  user=root
2025-10-18T10:05:33+07:00 TDC-250818413 sshd[750011]: Failed password for root from 152.42.203.0 port 40722 ssh2
2025-10-18T10:05:33+07:00 TDC-250818413 sshd[750011]: Received disconnect from 152.42.203.0 port 40722:11: Bye Bye [preauth]
2025-10-18T10:05:33+07:00 TDC-250818413 sshd[750011]: Disconnected from authenticating user root 152.42.203.0 port 40722 [preauth]
2025-10-18T10:05:34+07:00 TDC-250818413 sshd[750013]: Invalid user myuser from 210.245.54.206 port 36158
2025-10-18T10:05:34+07:00 TDC-250818413 sshd[750013]: pam_unix(sshd:auth): check pass; user unknown
2025-10-18T10:05:34+07:00 TDC-250818413 sshd[750013]: pam_unix(sshd:auth): authentication failure; logname= uid=0 euid=0 tty=ssh ruser= rhost=210.245.54.206
2025-10-18T10:05:37+07:00 TDC-250818413 sshd[750013]: Failed password for invalid user myuser from 210.245.54.206 port 36158 ssh2
2025-10-18T10:05:37+07:00 TDC-250818413 sshd[750013]: Received disconnect from 210.245.54.206 port 36158:11: Bye Bye [preauth]
2025-10-18T10:05:37+07:00 TDC-250818413 sshd[750013]: Disconnected from invalid user myuser 210.245.54.206 port 36158 [preauth]
2025-10-18T10:05:40+07:00 TDC-250818413 sshd[750015]: Invalid user admin from 20.185.243.158 port 57034
2025-10-18T10:05:40+07:00 TDC-250818413 sshd[750015]: pam_unix(sshd:auth): check pass; user unknown
2025-10-18T10:05:40+07:00 TDC-250818413 sshd[750015]: pam_unix(sshd:auth): authentication failure; logname= uid=0 euid=0 tty=ssh ruser= rhost=20.185.243.158
2025-10-18T10:05:42+07:00 TDC-250818413 sshd[750015]: Failed password for invalid user admin from 20.185.243.158 port 57034 ssh2
2025-10-18T10:05:42+07:00 TDC-250818413 sshd[750015]: Received disconnect from 20.185.243.158 port 57034:11: Bye Bye [preauth]
2025-10-18T10:05:42+07:00 TDC-250818413 sshd[750015]: Disconnected from invalid user admin 20.185.243.158 port 57034 [preauth]
2025-10-18T10:05:44+07:00 TDC-250818413 sshd[750017]: Invalid user fedora from 103.82.21.8 port 36994
2025-10-18T10:05:44+07:00 TDC-250818413 sshd[750017]: pam_unix(sshd:auth): check pass; user unknown
2025-10-18T10:05:44+07:00 TDC-250818413 sshd[750017]: pam_unix(sshd:auth): authentication failure; logname= uid=0 euid=0 tty=ssh ruser= rhost=103.82.21.8
2025-10-18T10:05:46+07:00 TDC-250818413 sshd[750017]: Failed password for invalid user fedora from 103.82.21.8 port 36994 ssh2
2025-10-18T10:05:48+07:00 TDC-250818413 sshd[750017]: Received disconnect from 103.82.21.8 port 36994:11: Bye Bye [preauth]
2025-10-18T10:05:48+07:00 TDC-250818413 sshd[750017]: Disconnected from invalid user fedora 103.82.21.8 port 36994 [preauth]
2025-10-18T10:05:54+07:00 TDC-250818413 sshd[750019]: Invalid user admin from 185.169.6.22 port 33636
2025-10-18T10:05:54+07:00 TDC-250818413 sshd[750019]: pam_unix(sshd:auth): check pass; user unknown
2025-10-18T10:05:54+07:00 TDC-250818413 sshd[750019]: pam_unix(sshd:auth): authentication failure; logname= uid=0 euid=0 tty=ssh ruser= rhost=185.169.6.22
2025-10-18T10:05:56+07:00 TDC-250818413 sshd[750019]: Failed password for invalid user admin from 185.169.6.22 port 33636 ssh2
2025-10-18T10:05:56+07:00 TDC-250818413 sshd[750019]: Received disconnect from 185.169.6.22 port 33636:11: Bye Bye [preauth]
2025-10-18T10:05:56+07:00 TDC-250818413 sshd[750019]: Disconnected from invalid user admin 185.169.6.22 port 33636 [preauth]
2025-10-18T10:05:57+07:00 TDC-250818413 sshd[750021]: Invalid user ubnt from 49.248.175.215 port 57370
2025-10-18T10:05:57+07:00 TDC-250818413 sshd[750021]: pam_unix(sshd:auth): check pass; user unknown
2025-10-18T10:05:57+07:00 TDC-250818413 sshd[750021]: pam_unix(sshd:auth): authentication failure; logname= uid=0 euid=0 tty=ssh ruser= rhost=49.248.175.215
2025-10-18T10:05:59+07:00 TDC-250818413 sshd[750021]: Failed password for invalid user ubnt from 49.248.175.215 port 57370 ssh2
2025-10-18T10:06:01+07:00 TDC-250818413 sshd[750021]: Received disconnect from 49.248.175.215 port 57370:11: Bye Bye [preauth]
2025-10-18T10:06:01+07:00 TDC-250818413 sshd[750021]: Disconnected from invalid user ubnt 49.248.175.215 port 57370 [preauth]
2025-10-18T10:06:12+07:00 TDC-250818413 sshd[750023]: Invalid user mailuser from 115.190.75.248 port 40096
2025-10-18T10:06:12+07:00 TDC-250818413 sshd[750023]: pam_unix(sshd:auth): check pass; user unknown
2025-10-18T10:06:12+07:00 TDC-250818413 sshd[750023]: pam_unix(sshd:auth): authentication failure; logname= uid=0 euid=0 tty=ssh ruser= rhost=115.190.75.248
2025-10-18T10:06:14+07:00 TDC-250818413 sshd[750023]: Failed password for invalid user mailuser from 115.190.75.248 port 40096 ssh2
2025-10-18T10:06:16+07:00 TDC-250818413 sshd[750023]: Received disconnect from 115.190.75.248 port 40096:11: Bye Bye [preauth]
2025-10-18T10:06:16+07:00 TDC-250818413 sshd[750023]: Disconnected from invalid user mailuser 115.190.75.248 port 40096 [preauth]
2025-10-18T10:06:22+07:00 TDC-250818413 sshd[750025]: Invalid user admin from 45.159.112.142 port 56612
2025-10-18T10:06:22+07:00 TDC-250818413 sshd[750025]: pam_unix(sshd:auth): check pass; user unknown
2025-10-18T10:06:22+07:00 TDC-250818413 sshd[750025]: pam_unix(sshd:auth): authentication failure; logname= uid=0 euid=0 tty=ssh ruser= rhost=45.159.112.142
2025-10-18T10:06:24+07:00 TDC-250818413 sshd[750027]: Invalid user duo from 43.160.200.211 port 49312
2025-10-18T10:06:24+07:00 TDC-250818413 sshd[750027]: pam_unix(sshd:auth): check pass; user unknown
2025-10-18T10:06:24+07:00 TDC-250818413 sshd[750027]: pam_unix(sshd:auth): authentication failure; logname= uid=0 euid=0 tty=ssh ruser= rhost=43.160.200.211
2025-10-18T10:06:24+07:00 TDC-250818413 sshd[750025]: Failed password for invalid user admin from 45.159.112.142 port 56612 ssh2
2025-10-18T10:06:26+07:00 TDC-250818413 sshd[750027]: Failed password for invalid user duo from 43.160.200.211 port 49312 ssh2
2025-10-18T10:06:26+07:00 TDC-250818413 sshd[750025]: Received disconnect from 45.159.112.142 port 56612:11: Bye Bye [preauth]
2025-10-18T10:06:26+07:00 TDC-250818413 sshd[750025]: Disconnected from invalid user admin 45.159.112.142 port 56612 [preauth]
2025-10-18T10:06:28+07:00 TDC-250818413 sshd[750027]: Received disconnect from 43.160.200.211 port 49312:11: Bye Bye [preauth]
2025-10-18T10:06:28+07:00 TDC-250818413 sshd[750027]: Disconnected from invalid user duo 43.160.200.211 port 49312 [preauth]
2025-10-18T10:06:28+07:00 TDC-250818413 sshd[750029]: pam_unix(sshd:auth): authentication failure; logname= uid=0 euid=0 tty=ssh ruser= rhost=81.211.72.167  user=root
2025-10-18T10:06:30+07:00 TDC-250818413 sshd[750029]: Failed password for root from 81.211.72.167 port 54443 ssh2
2025-10-18T10:06:32+07:00 TDC-250818413 sshd[750029]: Received disconnect from 81.211.72.167 port 54443:11: Bye Bye [preauth]
2025-10-18T10:06:32+07:00 TDC-250818413 sshd[750029]: Disconnected from authenticating user root 81.211.72.167 port 54443 [preauth]
2025-10-18T10:06:35+07:00 TDC-250818413 sshd[750038]: Invalid user admin from 192.145.169.91 port 49796
2025-10-18T10:06:35+07:00 TDC-250818413 sshd[750038]: pam_unix(sshd:auth): check pass; user unknown
2025-10-18T10:06:35+07:00 TDC-250818413 sshd[750038]: pam_unix(sshd:auth): authentication failure; logname= uid=0 euid=0 tty=ssh ruser= rhost=192.145.169.91
2025-10-18T10:06:35+07:00 TDC-250818413 sshd[750040]: pam_unix(sshd:auth): authentication failure; logname= uid=0 euid=0 tty=ssh ruser= rhost=192.145.169.91  user=root
2025-10-18T10:06:37+07:00 TDC-250818413 sshd[750038]: Failed password for invalid user admin from 192.145.169.91 port 49796 ssh2
2025-10-18T10:06:37+07:00 TDC-250818413 sshd[750040]: Failed password for root from 192.145.169.91 port 49798 ssh2
2025-10-18T10:06:39+07:00 TDC-250818413 sshd[750042]: pam_unix(sshd:auth): authentication failure; logname= uid=0 euid=0 tty=ssh ruser= rhost=185.169.6.22  user=root
2025-10-18T10:06:39+07:00 TDC-250818413 sshd[750040]: Received disconnect from 192.145.169.91 port 49798:11: Bye Bye [preauth]
2025-10-18T10:06:39+07:00 TDC-250818413 sshd[750040]: Disconnected from authenticating user root 192.145.169.91 port 49798 [preauth]
2025-10-18T10:06:40+07:00 TDC-250818413 sshd[750038]: Received disconnect from 192.145.169.91 port 49796:11: Bye Bye [preauth]
2025-10-18T10:06:40+07:00 TDC-250818413 sshd[750038]: Disconnected from invalid user admin 192.145.169.91 port 49796 [preauth]
2025-10-18T10:06:40+07:00 TDC-250818413 sshd[750042]: Failed password for root from 185.169.6.22 port 57578 ssh2
2025-10-18T10:06:41+07:00 TDC-250818413 sshd[750042]: Received disconnect from 185.169.6.22 port 57578:11: Bye Bye [preauth]
2025-10-18T10:06:41+07:00 TDC-250818413 sshd[750042]: Disconnected from authenticating user root 185.169.6.22 port 57578 [preauth]
2025-10-18T10:07:01+07:00 TDC-250818413 sshd[750044]: Invalid user ubnt from 49.248.175.215 port 39030
2025-10-18T10:07:01+07:00 TDC-250818413 sshd[750044]: pam_unix(sshd:auth): check pass; user unknown
2025-10-18T10:07:01+07:00 TDC-250818413 sshd[750044]: pam_unix(sshd:auth): authentication failure; logname= uid=0 euid=0 tty=ssh ruser= rhost=49.248.175.215
2025-10-18T10:07:02+07:00 TDC-250818413 sshd[750044]: Failed password for invalid user ubnt from 49.248.175.215 port 39030 ssh2
2025-10-18T10:07:03+07:00 TDC-250818413 sshd[750046]: Invalid user gitadmin from 152.42.203.0 port 49116
2025-10-18T10:07:03+07:00 TDC-250818413 sshd[750046]: pam_unix(sshd:auth): check pass; user unknown
2025-10-18T10:07:03+07:00 TDC-250818413 sshd[750046]: pam_unix(sshd:auth): authentication failure; logname= uid=0 euid=0 tty=ssh ruser= rhost=152.42.203.0
2025-10-18T10:07:03+07:00 TDC-250818413 sshd[750044]: Received disconnect from 49.248.175.215 port 39030:11: Bye Bye [preauth]
2025-10-18T10:07:03+07:00 TDC-250818413 sshd[750044]: Disconnected from invalid user ubnt 49.248.175.215 port 39030 [preauth]
2025-10-18T10:07:05+07:00 TDC-250818413 sshd[750046]: Failed password for invalid user gitadmin from 152.42.203.0 port 49116 ssh2
2025-10-18T10:07:05+07:00 TDC-250818413 sshd[750046]: Received disconnect from 152.42.203.0 port 49116:11: Bye Bye [preauth]
2025-10-18T10:07:05+07:00 TDC-250818413 sshd[750046]: Disconnected from invalid user gitadmin 152.42.203.0 port 49116 [preauth]
2025-10-18T10:07:11+07:00 TDC-250818413 sshd[750050]: Invalid user proxyuser from 210.245.54.206 port 39288
2025-10-18T10:07:11+07:00 TDC-250818413 sshd[750050]: pam_unix(sshd:auth): check pass; user unknown
2025-10-18T10:07:11+07:00 TDC-250818413 sshd[750050]: pam_unix(sshd:auth): authentication failure; logname= uid=0 euid=0 tty=ssh ruser= rhost=210.245.54.206
2025-10-18T10:07:12+07:00 TDC-250818413 sshd[750048]: Invalid user admin from 185.169.6.22 port 43652
2025-10-18T10:07:13+07:00 TDC-250818413 sshd[750048]: pam_unix(sshd:auth): check pass; user unknown
2025-10-18T10:07:13+07:00 TDC-250818413 sshd[750048]: pam_unix(sshd:auth): authentication failure; logname= uid=0 euid=0 tty=ssh ruser= rhost=185.169.6.22
2025-10-18T10:07:13+07:00 TDC-250818413 sshd[750050]: Failed password for invalid user proxyuser from 210.245.54.206 port 39288 ssh2
2025-10-18T10:07:14+07:00 TDC-250818413 sshd[750048]: Failed password for invalid user admin from 185.169.6.22 port 43652 ssh2
2025-10-18T10:07:14+07:00 TDC-250818413 sshd[750050]: Received disconnect from 210.245.54.206 port 39288:11: Bye Bye [preauth]
2025-10-18T10:07:14+07:00 TDC-250818413 sshd[750050]: Disconnected from invalid user proxyuser 210.245.54.206 port 39288 [preauth]
2025-10-18T10:07:15+07:00 TDC-250818413 sshd[750048]: Received disconnect from 185.169.6.22 port 43652:11: Bye Bye [preauth]
2025-10-18T10:07:15+07:00 TDC-250818413 sshd[750048]: Disconnected from invalid user admin 185.169.6.22 port 43652 [preauth]
2025-10-18T10:07:18+07:00 TDC-250818413 sshd[750052]: Invalid user pc from 103.82.21.8 port 57684
2025-10-18T10:07:18+07:00 TDC-250818413 sshd[750052]: pam_unix(sshd:auth): check pass; user unknown
2025-10-18T10:07:18+07:00 TDC-250818413 sshd[750052]: pam_unix(sshd:auth): authentication failure; logname= uid=0 euid=0 tty=ssh ruser= rhost=103.82.21.8
2025-10-18T10:07:20+07:00 TDC-250818413 sshd[750052]: Failed password for invalid user pc from 103.82.21.8 port 57684 ssh2
2025-10-18T10:07:20+07:00 TDC-250818413 sshd[750052]: Received disconnect from 103.82.21.8 port 57684:11: Bye Bye [preauth]
2025-10-18T10:07:20+07:00 TDC-250818413 sshd[750052]: Disconnected from invalid user pc 103.82.21.8 port 57684 [preauth]
2025-10-18T10:07:28+07:00 TDC-250818413 sshd[750054]: pam_unix(sshd:auth): authentication failure; logname= uid=0 euid=0 tty=ssh ruser= rhost=20.185.243.158  user=root
2025-10-18T10:07:29+07:00 TDC-250818413 sshd[750054]: Failed password for root from 20.185.243.158 port 56562 ssh2
2025-10-18T10:07:30+07:00 TDC-250818413 sshd[750054]: Received disconnect from 20.185.243.158 port 56562:11: Bye Bye [preauth]
2025-10-18T10:07:30+07:00 TDC-250818413 sshd[750054]: Disconnected from authenticating user root 20.185.243.158 port 56562 [preauth]
2025-10-18T10:07:47+07:00 TDC-250818413 sshd[750057]: Invalid user leo from 81.211.72.167 port 41989
2025-10-18T10:07:47+07:00 TDC-250818413 sshd[750057]: pam_unix(sshd:auth): check pass; user unknown
2025-10-18T10:07:47+07:00 TDC-250818413 sshd[750057]: pam_unix(sshd:auth): authentication failure; logname= uid=0 euid=0 tty=ssh ruser= rhost=81.211.72.167
2025-10-18T10:07:49+07:00 TDC-250818413 sshd[750057]: Failed password for invalid user leo from 81.211.72.167 port 41989 ssh2
2025-10-18T10:07:50+07:00 TDC-250818413 sshd[750057]: Received disconnect from 81.211.72.167 port 41989:11: Bye Bye [preauth]
2025-10-18T10:07:50+07:00 TDC-250818413 sshd[750057]: Disconnected from invalid user leo 81.211.72.167 port 41989 [preauth]
2025-10-18T10:07:50+07:00 TDC-250818413 sshd[750059]: Invalid user brs from 43.160.200.211 port 36586
2025-10-18T10:07:50+07:00 TDC-250818413 sshd[750059]: pam_unix(sshd:auth): check pass; user unknown
2025-10-18T10:07:50+07:00 TDC-250818413 sshd[750059]: pam_unix(sshd:auth): authentication failure; logname= uid=0 euid=0 tty=ssh ruser= rhost=43.160.200.211
2025-10-18T10:07:51+07:00 TDC-250818413 sshd[750059]: Failed password for invalid user brs from 43.160.200.211 port 36586 ssh2
2025-10-18T10:07:52+07:00 TDC-250818413 sshd[750059]: Received disconnect from 43.160.200.211 port 36586:11: Bye Bye [preauth]
2025-10-18T10:07:52+07:00 TDC-250818413 sshd[750059]: Disconnected from invalid user brs 43.160.200.211 port 36586 [preauth]
2025-10-18T10:07:52+07:00 TDC-250818413 sshd[750061]: Invalid user admin from 192.145.169.91 port 38122
2025-10-18T10:07:53+07:00 TDC-250818413 sshd[750061]: pam_unix(sshd:auth): check pass; user unknown
2025-10-18T10:07:53+07:00 TDC-250818413 sshd[750061]: pam_unix(sshd:auth): authentication failure; logname= uid=0 euid=0 tty=ssh ruser= rhost=192.145.169.91
2025-10-18T10:07:53+07:00 TDC-250818413 sshd[750063]: pam_unix(sshd:auth): authentication failure; logname= uid=0 euid=0 tty=ssh ruser= rhost=192.145.169.91  user=root
2025-10-18T10:07:55+07:00 TDC-250818413 sshd[750061]: Failed password for invalid user admin from 192.145.169.91 port 38122 ssh2
2025-10-18T10:07:55+07:00 TDC-250818413 sshd[750063]: Failed password for root from 192.145.169.91 port 38138 ssh2
2025-10-18T10:07:57+07:00 TDC-250818413 sshd[750063]: Received disconnect from 192.145.169.91 port 38138:11: Bye Bye [preauth]
2025-10-18T10:07:57+07:00 TDC-250818413 sshd[750063]: Disconnected from authenticating user root 192.145.169.91 port 38138 [preauth]
2025-10-18T10:07:57+07:00 TDC-250818413 sshd[750061]: Received disconnect from 192.145.169.91 port 38122:11: Bye Bye [preauth]
2025-10-18T10:07:57+07:00 TDC-250818413 sshd[750061]: Disconnected from invalid user admin 192.145.169.91 port 38122 [preauth]
2025-10-18T10:08:02+07:00 TDC-250818413 sshd[750066]: Invalid user ubnt from 49.248.175.215 port 35394
2025-10-18T10:08:02+07:00 TDC-250818413 sshd[750066]: pam_unix(sshd:auth): check pass; user unknown
2025-10-18T10:08:02+07:00 TDC-250818413 sshd[750066]: pam_unix(sshd:auth): authentication failure; logname= uid=0 euid=0 tty=ssh ruser= rhost=49.248.175.215
2025-10-18T10:08:04+07:00 TDC-250818413 sshd[750066]: Failed password for invalid user ubnt from 49.248.175.215 port 35394 ssh2
2025-10-18T10:08:05+07:00 TDC-250818413 sshd[750066]: Received disconnect from 49.248.175.215 port 35394:11: Bye Bye [preauth]
2025-10-18T10:08:05+07:00 TDC-250818413 sshd[750066]: Disconnected from invalid user ubnt 49.248.175.215 port 35394 [preauth]
2025-10-18T10:08:08+07:00 TDC-250818413 sshd[750068]: pam_unix(sshd:auth): authentication failure; logname= uid=0 euid=0 tty=ssh ruser= rhost=87.106.90.97  user=root
2025-10-18T10:08:10+07:00 TDC-250818413 sshd[750068]: Failed password for root from 87.106.90.97 port 15994 ssh2
2025-10-18T10:08:11+07:00 TDC-250818413 sshd[750068]: Connection closed by authenticating user root 87.106.90.97 port 15994 [preauth]
2025-10-18T10:08:27+07:00 TDC-250818413 sshd[750070]: Invalid user pc from 152.42.203.0 port 38184
2025-10-18T10:08:27+07:00 TDC-250818413 sshd[750070]: pam_unix(sshd:auth): check pass; user unknown
2025-10-18T10:08:27+07:00 TDC-250818413 sshd[750070]: pam_unix(sshd:auth): authentication failure; logname= uid=0 euid=0 tty=ssh ruser= rhost=152.42.203.0
2025-10-18T10:08:29+07:00 TDC-250818413 sshd[750070]: Failed password for invalid user pc from 152.42.203.0 port 38184 ssh2
2025-10-18T10:08:29+07:00 TDC-250818413 sshd[750070]: Received disconnect from 152.42.203.0 port 38184:11: Bye Bye [preauth]
2025-10-18T10:08:29+07:00 TDC-250818413 sshd[750070]: Disconnected from invalid user pc 152.42.203.0 port 38184 [preauth]
2025-10-18T10:08:29+07:00 TDC-250818413 sshd[750072]: pam_unix(sshd:auth): authentication failure; logname= uid=0 euid=0 tty=ssh ruser= rhost=185.169.6.22  user=root
2025-10-18T10:08:32+07:00 TDC-250818413 sshd[750072]: Failed password for root from 185.169.6.22 port 57778 ssh2
2025-10-18T10:08:34+07:00 TDC-250818413 sshd[750072]: Received disconnect from 185.169.6.22 port 57778:11: Bye Bye [preauth]
2025-10-18T10:08:34+07:00 TDC-250818413 sshd[750072]: Disconnected from authenticating user root 185.169.6.22 port 57778 [preauth]
2025-10-18T10:08:36+07:00 TDC-250818413 sshd[750074]: Invalid user user from 185.169.6.22 port 57800
2025-10-18T10:08:36+07:00 TDC-250818413 sshd[750074]: pam_unix(sshd:auth): check pass; user unknown
2025-10-18T10:08:36+07:00 TDC-250818413 sshd[750074]: pam_unix(sshd:auth): authentication failure; logname= uid=0 euid=0 tty=ssh ruser= rhost=185.169.6.22
2025-10-18T10:08:38+07:00 TDC-250818413 sshd[750074]: Failed password for invalid user user from 185.169.6.22 port 57800 ssh2
2025-10-18T10:08:39+07:00 TDC-250818413 sshd[750074]: Received disconnect from 185.169.6.22 port 57800:11: Bye Bye [preauth]
2025-10-18T10:08:39+07:00 TDC-250818413 sshd[750074]: Disconnected from invalid user user 185.169.6.22 port 57800 [preauth]
2025-10-18T10:08:47+07:00 TDC-250818413 sshd[750076]: Invalid user bot from 210.245.54.206 port 42418
2025-10-18T10:08:47+07:00 TDC-250818413 sshd[750076]: pam_unix(sshd:auth): check pass; user unknown
2025-10-18T10:08:47+07:00 TDC-250818413 sshd[750076]: pam_unix(sshd:auth): authentication failure; logname= uid=0 euid=0 tty=ssh ruser= rhost=210.245.54.206
2025-10-18T10:08:48+07:00 TDC-250818413 sshd[750078]: Invalid user jenkins from 103.82.21.8 port 46876
2025-10-18T10:08:48+07:00 TDC-250818413 sshd[750078]: pam_unix(sshd:auth): check pass; user unknown
2025-10-18T10:08:48+07:00 TDC-250818413 sshd[750078]: pam_unix(sshd:auth): authentication failure; logname= uid=0 euid=0 tty=ssh ruser= rhost=103.82.21.8
2025-10-18T10:08:49+07:00 TDC-250818413 sshd[750078]: Failed password for invalid user jenkins from 103.82.21.8 port 46876 ssh2
2025-10-18T10:08:49+07:00 TDC-250818413 sshd[750078]: Received disconnect from 103.82.21.8 port 46876:11: Bye Bye [preauth]
2025-10-18T10:08:49+07:00 TDC-250818413 sshd[750078]: Disconnected from invalid user jenkins 103.82.21.8 port 46876 [preauth]
2025-10-18T10:08:50+07:00 TDC-250818413 sshd[750076]: Failed password for invalid user bot from 210.245.54.206 port 42418 ssh2
2025-10-18T10:08:51+07:00 TDC-250818413 sshd[750076]: Received disconnect from 210.245.54.206 port 42418:11: Bye Bye [preauth]
2025-10-18T10:08:51+07:00 TDC-250818413 sshd[750076]: Disconnected from invalid user bot 210.245.54.206 port 42418 [preauth]
2025-10-18T10:08:54+07:00 TDC-250818413 sshd[750080]: Invalid user lai from 85.239.151.162 port 18702
2025-10-18T10:08:54+07:00 TDC-250818413 sshd[750080]: pam_unix(sshd:auth): check pass; user unknown
2025-10-18T10:08:54+07:00 TDC-250818413 sshd[750080]: pam_unix(sshd:auth): authentication failure; logname= uid=0 euid=0 tty=ssh ruser= rhost=85.239.151.162
2025-10-18T10:08:56+07:00 TDC-250818413 sshd[750080]: Failed password for invalid user lai from 85.239.151.162 port 18702 ssh2
2025-10-18T10:08:58+07:00 TDC-250818413 sshd[750080]: Received disconnect from 85.239.151.162 port 18702:11: Bye Bye [preauth]
2025-10-18T10:08:58+07:00 TDC-250818413 sshd[750080]: Disconnected from invalid user lai 85.239.151.162 port 18702 [preauth]
2025-10-18T10:09:04+07:00 TDC-250818413 sshd[750082]: Invalid user wwww from 81.211.72.167 port 57768
2025-10-18T10:09:04+07:00 TDC-250818413 sshd[750082]: pam_unix(sshd:auth): check pass; user unknown
2025-10-18T10:09:04+07:00 TDC-250818413 sshd[750082]: pam_unix(sshd:auth): authentication failure; logname= uid=0 euid=0 tty=ssh ruser= rhost=81.211.72.167
2025-10-18T10:09:04+07:00 TDC-250818413 sshd[750084]: Invalid user admin from 171.254.92.61 port 60662
2025-10-18T10:09:04+07:00 TDC-250818413 sshd[750084]: pam_unix(sshd:auth): check pass; user unknown
2025-10-18T10:09:04+07:00 TDC-250818413 sshd[750084]: pam_unix(sshd:auth): authentication failure; logname= uid=0 euid=0 tty=ssh ruser= rhost=171.254.92.61
2025-10-18T10:09:06+07:00 TDC-250818413 sshd[750082]: Failed password for invalid user wwww from 81.211.72.167 port 57768 ssh2
2025-10-18T10:09:06+07:00 TDC-250818413 sshd[750084]: Failed password for invalid user admin from 171.254.92.61 port 60662 ssh2
2025-10-18T10:09:07+07:00 TDC-250818413 sshd[750082]: Received disconnect from 81.211.72.167 port 57768:11: Bye Bye [preauth]
2025-10-18T10:09:07+07:00 TDC-250818413 sshd[750082]: Disconnected from invalid user wwww 81.211.72.167 port 57768 [preauth]
2025-10-18T10:09:08+07:00 TDC-250818413 sshd[750084]: Connection closed by invalid user admin 171.254.92.61 port 60662 [preauth]
2025-10-18T10:09:11+07:00 TDC-250818413 sshd[750086]: Invalid user admin from 192.145.169.91 port 58642
2025-10-18T10:09:11+07:00 TDC-250818413 sshd[750086]: pam_unix(sshd:auth): check pass; user unknown
2025-10-18T10:09:11+07:00 TDC-250818413 sshd[750086]: pam_unix(sshd:auth): authentication failure; logname= uid=0 euid=0 tty=ssh ruser= rhost=192.145.169.91
2025-10-18T10:09:11+07:00 TDC-250818413 sshd[750088]: pam_unix(sshd:auth): authentication failure; logname= uid=0 euid=0 tty=ssh ruser= rhost=192.145.169.91  user=root
2025-10-18T10:09:14+07:00 TDC-250818413 sshd[750086]: Failed password for invalid user admin from 192.145.169.91 port 58642 ssh2
2025-10-18T10:09:14+07:00 TDC-250818413 sshd[750091]: pam_unix(sshd:auth): authentication failure; logname= uid=0 euid=0 tty=ssh ruser= rhost=20.185.243.158  user=root
2025-10-18T10:09:14+07:00 TDC-250818413 sshd[750088]: Failed password for root from 192.145.169.91 port 58656 ssh2
2025-10-18T10:09:15+07:00 TDC-250818413 sshd[750093]: Invalid user newuser from 43.160.200.211 port 34670
